Archive member included to satisfy reference by file (symbol)

/home/user1/devel/radio/tools/xpack-arm-none-eabi-gcc-12.3.1-1.2/bin/../lib/gcc/arm-none-eabi/12.3.1/thumb/v6-m/nofp/libgcc.a(_thumb1_case_uqi.o)
                              CMakeFiles/firmware.dir/Drivers/PY32F071_HAL_Driver/Src/py32f071_ll_dma.c.obj (__gnu_thumb1_case_uqi)
/home/user1/devel/radio/tools/xpack-arm-none-eabi-gcc-12.3.1-1.2/bin/../lib/gcc/arm-none-eabi/12.3.1/thumb/v6-m/nofp/libgcc.a(_udivsi3.o)
                              CMakeFiles/firmware.dir/Drivers/PY32F071_HAL_Driver/Src/py32f071_ll_rcc.c.obj (__aeabi_uidiv)
/home/user1/devel/radio/tools/xpack-arm-none-eabi-gcc-12.3.1-1.2/bin/../lib/gcc/arm-none-eabi/12.3.1/thumb/v6-m/nofp/libgcc.a(_divsi3.o)
                              CMakeFiles/firmware.dir/Drivers/PY32F071_HAL_Driver/Src/py32f071_ll_i2c.c.obj (__aeabi_idiv)
/home/user1/devel/radio/tools/xpack-arm-none-eabi-gcc-12.3.1-1.2/bin/../lib/gcc/arm-none-eabi/12.3.1/thumb/v6-m/nofp/libgcc.a(_dvmd_tls.o)
                              /home/user1/devel/radio/tools/xpack-arm-none-eabi-gcc-12.3.1-1.2/bin/../lib/gcc/arm-none-eabi/12.3.1/thumb/v6-m/nofp/libgcc.a(_udivsi3.o) (__aeabi_idiv0)
/home/user1/devel/radio/tools/xpack-arm-none-eabi-gcc-12.3.1-1.2/bin/../lib/gcc/arm-none-eabi/12.3.1/../../../../arm-none-eabi/lib/thumb/v6-m/nofp/libg_nano.a(libc_a-atexit.o)
                              /home/user1/devel/radio/tools/xpack-arm-none-eabi-gcc-12.3.1-1.2/bin/../lib/gcc/arm-none-eabi/12.3.1/../../../../arm-none-eabi/lib/thumb/v6-m/nofp/crt0.o (atexit)
/home/user1/devel/radio/tools/xpack-arm-none-eabi-gcc-12.3.1-1.2/bin/../lib/gcc/arm-none-eabi/12.3.1/../../../../arm-none-eabi/lib/thumb/v6-m/nofp/libg_nano.a(libc_a-exit.o)
                              /home/user1/devel/radio/tools/xpack-arm-none-eabi-gcc-12.3.1-1.2/bin/../lib/gcc/arm-none-eabi/12.3.1/../../../../arm-none-eabi/lib/thumb/v6-m/nofp/crt0.o (exit)
/home/user1/devel/radio/tools/xpack-arm-none-eabi-gcc-12.3.1-1.2/bin/../lib/gcc/arm-none-eabi/12.3.1/../../../../arm-none-eabi/lib/thumb/v6-m/nofp/libg_nano.a(libc_a-findfp.o)
                              /home/user1/devel/radio/tools/xpack-arm-none-eabi-gcc-12.3.1-1.2/bin/../lib/gcc/arm-none-eabi/12.3.1/../../../../arm-none-eabi/lib/thumb/v6-m/nofp/libg_nano.a(libc_a-exit.o) (__stdio_exit_handler)
/home/user1/devel/radio/tools/xpack-arm-none-eabi-gcc-12.3.1-1.2/bin/../lib/gcc/arm-none-eabi/12.3.1/../../../../arm-none-eabi/lib/thumb/v6-m/nofp/libg_nano.a(libc_a-fwalk.o)
                              /home/user1/devel/radio/tools/xpack-arm-none-eabi-gcc-12.3.1-1.2/bin/../lib/gcc/arm-none-eabi/12.3.1/../../../../arm-none-eabi/lib/thumb/v6-m/nofp/libg_nano.a(libc_a-findfp.o) (_fwalk_sglue)
/home/user1/devel/radio/tools/xpack-arm-none-eabi-gcc-12.3.1-1.2/bin/../lib/gcc/arm-none-eabi/12.3.1/../../../../arm-none-eabi/lib/thumb/v6-m/nofp/libg_nano.a(libc_a-stdio.o)
                              /home/user1/devel/radio/tools/xpack-arm-none-eabi-gcc-12.3.1-1.2/bin/../lib/gcc/arm-none-eabi/12.3.1/../../../../arm-none-eabi/lib/thumb/v6-m/nofp/libg_nano.a(libc_a-findfp.o) (__sread)
/home/user1/devel/radio/tools/xpack-arm-none-eabi-gcc-12.3.1-1.2/bin/../lib/gcc/arm-none-eabi/12.3.1/../../../../arm-none-eabi/lib/thumb/v6-m/nofp/libg_nano.a(libc_a-memset.o)
                              /home/user1/devel/radio/tools/xpack-arm-none-eabi-gcc-12.3.1-1.2/bin/../lib/gcc/arm-none-eabi/12.3.1/../../../../arm-none-eabi/lib/thumb/v6-m/nofp/crt0.o (memset)
/home/user1/devel/radio/tools/xpack-arm-none-eabi-gcc-12.3.1-1.2/bin/../lib/gcc/arm-none-eabi/12.3.1/../../../../arm-none-eabi/lib/thumb/v6-m/nofp/libg_nano.a(libc_a-closer.o)
                              /home/user1/devel/radio/tools/xpack-arm-none-eabi-gcc-12.3.1-1.2/bin/../lib/gcc/arm-none-eabi/12.3.1/../../../../arm-none-eabi/lib/thumb/v6-m/nofp/libg_nano.a(libc_a-stdio.o) (_close_r)
/home/user1/devel/radio/tools/xpack-arm-none-eabi-gcc-12.3.1-1.2/bin/../lib/gcc/arm-none-eabi/12.3.1/../../../../arm-none-eabi/lib/thumb/v6-m/nofp/libg_nano.a(libc_a-reent.o)
                              /home/user1/devel/radio/tools/xpack-arm-none-eabi-gcc-12.3.1-1.2/bin/../lib/gcc/arm-none-eabi/12.3.1/../../../../arm-none-eabi/lib/thumb/v6-m/nofp/libg_nano.a(libc_a-closer.o) (errno)
/home/user1/devel/radio/tools/xpack-arm-none-eabi-gcc-12.3.1-1.2/bin/../lib/gcc/arm-none-eabi/12.3.1/../../../../arm-none-eabi/lib/thumb/v6-m/nofp/libg_nano.a(libc_a-impure.o)
                              /home/user1/devel/radio/tools/xpack-arm-none-eabi-gcc-12.3.1-1.2/bin/../lib/gcc/arm-none-eabi/12.3.1/../../../../arm-none-eabi/lib/thumb/v6-m/nofp/libg_nano.a(libc_a-reent.o) (_impure_ptr)
/home/user1/devel/radio/tools/xpack-arm-none-eabi-gcc-12.3.1-1.2/bin/../lib/gcc/arm-none-eabi/12.3.1/../../../../arm-none-eabi/lib/thumb/v6-m/nofp/libg_nano.a(libc_a-lseekr.o)
                              /home/user1/devel/radio/tools/xpack-arm-none-eabi-gcc-12.3.1-1.2/bin/../lib/gcc/arm-none-eabi/12.3.1/../../../../arm-none-eabi/lib/thumb/v6-m/nofp/libg_nano.a(libc_a-stdio.o) (_lseek_r)
/home/user1/devel/radio/tools/xpack-arm-none-eabi-gcc-12.3.1-1.2/bin/../lib/gcc/arm-none-eabi/12.3.1/../../../../arm-none-eabi/lib/thumb/v6-m/nofp/libg_nano.a(libc_a-readr.o)
                              /home/user1/devel/radio/tools/xpack-arm-none-eabi-gcc-12.3.1-1.2/bin/../lib/gcc/arm-none-eabi/12.3.1/../../../../arm-none-eabi/lib/thumb/v6-m/nofp/libg_nano.a(libc_a-stdio.o) (_read_r)
/home/user1/devel/radio/tools/xpack-arm-none-eabi-gcc-12.3.1-1.2/bin/../lib/gcc/arm-none-eabi/12.3.1/../../../../arm-none-eabi/lib/thumb/v6-m/nofp/libg_nano.a(libc_a-writer.o)
                              /home/user1/devel/radio/tools/xpack-arm-none-eabi-gcc-12.3.1-1.2/bin/../lib/gcc/arm-none-eabi/12.3.1/../../../../arm-none-eabi/lib/thumb/v6-m/nofp/libg_nano.a(libc_a-stdio.o) (_write_r)
/home/user1/devel/radio/tools/xpack-arm-none-eabi-gcc-12.3.1-1.2/bin/../lib/gcc/arm-none-eabi/12.3.1/../../../../arm-none-eabi/lib/thumb/v6-m/nofp/libg_nano.a(libc_a-init.o)
                              /home/user1/devel/radio/tools/xpack-arm-none-eabi-gcc-12.3.1-1.2/bin/../lib/gcc/arm-none-eabi/12.3.1/../../../../arm-none-eabi/lib/thumb/v6-m/nofp/crt0.o (__libc_init_array)
/home/user1/devel/radio/tools/xpack-arm-none-eabi-gcc-12.3.1-1.2/bin/../lib/gcc/arm-none-eabi/12.3.1/../../../../arm-none-eabi/lib/thumb/v6-m/nofp/libg_nano.a(libc_a-fini.o)
                              /home/user1/devel/radio/tools/xpack-arm-none-eabi-gcc-12.3.1-1.2/bin/../lib/gcc/arm-none-eabi/12.3.1/../../../../arm-none-eabi/lib/thumb/v6-m/nofp/crt0.o (__libc_fini_array)
/home/user1/devel/radio/tools/xpack-arm-none-eabi-gcc-12.3.1-1.2/bin/../lib/gcc/arm-none-eabi/12.3.1/../../../../arm-none-eabi/lib/thumb/v6-m/nofp/libg_nano.a(libc_a-lock.o)
                              /home/user1/devel/radio/tools/xpack-arm-none-eabi-gcc-12.3.1-1.2/bin/../lib/gcc/arm-none-eabi/12.3.1/../../../../arm-none-eabi/lib/thumb/v6-m/nofp/libg_nano.a(libc_a-findfp.o) (__retarget_lock_init_recursive)
/home/user1/devel/radio/tools/xpack-arm-none-eabi-gcc-12.3.1-1.2/bin/../lib/gcc/arm-none-eabi/12.3.1/../../../../arm-none-eabi/lib/thumb/v6-m/nofp/libg_nano.a(libc_a-__atexit.o)
                              /home/user1/devel/radio/tools/xpack-arm-none-eabi-gcc-12.3.1-1.2/bin/../lib/gcc/arm-none-eabi/12.3.1/../../../../arm-none-eabi/lib/thumb/v6-m/nofp/libg_nano.a(libc_a-atexit.o) (__register_exitproc)
/home/user1/devel/radio/tools/xpack-arm-none-eabi-gcc-12.3.1-1.2/bin/../lib/gcc/arm-none-eabi/12.3.1/../../../../arm-none-eabi/lib/thumb/v6-m/nofp/libg_nano.a(libc_a-__call_atexit.o)
                              /home/user1/devel/radio/tools/xpack-arm-none-eabi-gcc-12.3.1-1.2/bin/../lib/gcc/arm-none-eabi/12.3.1/../../../../arm-none-eabi/lib/thumb/v6-m/nofp/libg_nano.a(libc_a-__atexit.o) (__call_exitprocs)
/home/user1/devel/radio/tools/xpack-arm-none-eabi-gcc-12.3.1-1.2/bin/../lib/gcc/arm-none-eabi/12.3.1/../../../../arm-none-eabi/lib/thumb/v6-m/nofp/libg_nano.a(libc_a-freer.o)
                              /home/user1/devel/radio/tools/xpack-arm-none-eabi-gcc-12.3.1-1.2/bin/../lib/gcc/arm-none-eabi/12.3.1/../../../../arm-none-eabi/lib/thumb/v6-m/nofp/libg_nano.a(libc_a-reent.o) (_free_r)
/home/user1/devel/radio/tools/xpack-arm-none-eabi-gcc-12.3.1-1.2/bin/../lib/gcc/arm-none-eabi/12.3.1/../../../../arm-none-eabi/lib/thumb/v6-m/nofp/libg_nano.a(libc_a-mallocr.o)
                              /home/user1/devel/radio/tools/xpack-arm-none-eabi-gcc-12.3.1-1.2/bin/../lib/gcc/arm-none-eabi/12.3.1/../../../../arm-none-eabi/lib/thumb/v6-m/nofp/libg_nano.a(libc_a-findfp.o) (_malloc_r)
/home/user1/devel/radio/tools/xpack-arm-none-eabi-gcc-12.3.1-1.2/bin/../lib/gcc/arm-none-eabi/12.3.1/../../../../arm-none-eabi/lib/thumb/v6-m/nofp/libg_nano.a(libc_a-mlock.o)
                              /home/user1/devel/radio/tools/xpack-arm-none-eabi-gcc-12.3.1-1.2/bin/../lib/gcc/arm-none-eabi/12.3.1/../../../../arm-none-eabi/lib/thumb/v6-m/nofp/libg_nano.a(libc_a-freer.o) (__malloc_lock)
/home/user1/devel/radio/tools/xpack-arm-none-eabi-gcc-12.3.1-1.2/bin/../lib/gcc/arm-none-eabi/12.3.1/../../../../arm-none-eabi/lib/thumb/v6-m/nofp/libg_nano.a(libc_a-fflush.o)
                              /home/user1/devel/radio/tools/xpack-arm-none-eabi-gcc-12.3.1-1.2/bin/../lib/gcc/arm-none-eabi/12.3.1/../../../../arm-none-eabi/lib/thumb/v6-m/nofp/libg_nano.a(libc_a-findfp.o) (_fflush_r)
/home/user1/devel/radio/tools/xpack-arm-none-eabi-gcc-12.3.1-1.2/bin/../lib/gcc/arm-none-eabi/12.3.1/../../../../arm-none-eabi/lib/thumb/v6-m/nofp/libg_nano.a(libc_a-sbrkr.o)
                              /home/user1/devel/radio/tools/xpack-arm-none-eabi-gcc-12.3.1-1.2/bin/../lib/gcc/arm-none-eabi/12.3.1/../../../../arm-none-eabi/lib/thumb/v6-m/nofp/libg_nano.a(libc_a-mallocr.o) (_sbrk_r)

Discarded input sections

 .text          0x00000000        0x0 /home/user1/devel/radio/tools/xpack-arm-none-eabi-gcc-12.3.1-1.2/bin/../lib/gcc/arm-none-eabi/12.3.1/thumb/v6-m/nofp/crti.o
 .data          0x00000000        0x0 /home/user1/devel/radio/tools/xpack-arm-none-eabi-gcc-12.3.1-1.2/bin/../lib/gcc/arm-none-eabi/12.3.1/thumb/v6-m/nofp/crti.o
 .bss           0x00000000        0x0 /home/user1/devel/radio/tools/xpack-arm-none-eabi-gcc-12.3.1-1.2/bin/../lib/gcc/arm-none-eabi/12.3.1/thumb/v6-m/nofp/crti.o
 .text          0x00000000        0x0 /home/user1/devel/radio/tools/xpack-arm-none-eabi-gcc-12.3.1-1.2/bin/../lib/gcc/arm-none-eabi/12.3.1/thumb/v6-m/nofp/crtbegin.o
 .data          0x00000000        0x0 /home/user1/devel/radio/tools/xpack-arm-none-eabi-gcc-12.3.1-1.2/bin/../lib/gcc/arm-none-eabi/12.3.1/thumb/v6-m/nofp/crtbegin.o
 .bss           0x00000000        0x0 /home/user1/devel/radio/tools/xpack-arm-none-eabi-gcc-12.3.1-1.2/bin/../lib/gcc/arm-none-eabi/12.3.1/thumb/v6-m/nofp/crtbegin.o
 .rodata.all_implied_fbits
                0x00000000       0x24 /home/user1/devel/radio/tools/xpack-arm-none-eabi-gcc-12.3.1-1.2/bin/../lib/gcc/arm-none-eabi/12.3.1/thumb/v6-m/nofp/crtbegin.o
 .data.__dso_handle
                0x00000000        0x4 /home/user1/devel/radio/tools/xpack-arm-none-eabi-gcc-12.3.1-1.2/bin/../lib/gcc/arm-none-eabi/12.3.1/thumb/v6-m/nofp/crtbegin.o
 .text          0x00000000       0x74 /home/user1/devel/radio/tools/xpack-arm-none-eabi-gcc-12.3.1-1.2/bin/../lib/gcc/arm-none-eabi/12.3.1/../../../../arm-none-eabi/lib/thumb/v6-m/nofp/crt0.o
 .data          0x00000000        0x0 /home/user1/devel/radio/tools/xpack-arm-none-eabi-gcc-12.3.1-1.2/bin/../lib/gcc/arm-none-eabi/12.3.1/../../../../arm-none-eabi/lib/thumb/v6-m/nofp/crt0.o
 .bss           0x00000000        0x0 /home/user1/devel/radio/tools/xpack-arm-none-eabi-gcc-12.3.1-1.2/bin/../lib/gcc/arm-none-eabi/12.3.1/../../../../arm-none-eabi/lib/thumb/v6-m/nofp/crt0.o
 .ARM.extab     0x00000000        0x0 /home/user1/devel/radio/tools/xpack-arm-none-eabi-gcc-12.3.1-1.2/bin/../lib/gcc/arm-none-eabi/12.3.1/../../../../arm-none-eabi/lib/thumb/v6-m/nofp/crt0.o
 .ARM.exidx     0x00000000       0x10 /home/user1/devel/radio/tools/xpack-arm-none-eabi-gcc-12.3.1-1.2/bin/../lib/gcc/arm-none-eabi/12.3.1/../../../../arm-none-eabi/lib/thumb/v6-m/nofp/crt0.o
 .ARM.attributes
                0x00000000       0x1b /home/user1/devel/radio/tools/xpack-arm-none-eabi-gcc-12.3.1-1.2/bin/../lib/gcc/arm-none-eabi/12.3.1/../../../../arm-none-eabi/lib/thumb/v6-m/nofp/crt0.o
 .text          0x00000000        0x0 CMakeFiles/firmware.dir/Core/Src/main.c.obj
 .data          0x00000000        0x0 CMakeFiles/firmware.dir/Core/Src/main.c.obj
 .bss           0x00000000        0x0 CMakeFiles/firmware.dir/Core/Src/main.c.obj
 .text.APP_ErrorHandler
                0x00000000        0x2 CMakeFiles/firmware.dir/Core/Src/main.c.obj
 .text          0x00000000        0x0 CMakeFiles/firmware.dir/Core/Src/py32f071_it.c.obj
 .data          0x00000000        0x0 CMakeFiles/firmware.dir/Core/Src/py32f071_it.c.obj
 .bss           0x00000000        0x0 CMakeFiles/firmware.dir/Core/Src/py32f071_it.c.obj
 .text          0x00000000        0x0 CMakeFiles/firmware.dir/Core/Src/system_py32f071.c.obj
 .data          0x00000000        0x0 CMakeFiles/firmware.dir/Core/Src/system_py32f071.c.obj
 .bss           0x00000000        0x0 CMakeFiles/firmware.dir/Core/Src/system_py32f071.c.obj
 .text.SystemCoreClockUpdate
                0x00000000       0x94 CMakeFiles/firmware.dir/Core/Src/system_py32f071.c.obj
 .rodata.HSIFreqTable
                0x00000000       0x20 CMakeFiles/firmware.dir/Core/Src/system_py32f071.c.obj
 .rodata.APBPrescTable
                0x00000000       0x20 CMakeFiles/firmware.dir/Core/Src/system_py32f071.c.obj
 .rodata.AHBPrescTable
                0x00000000       0x40 CMakeFiles/firmware.dir/Core/Src/system_py32f071.c.obj
 .text          0x00000000       0x14 CMakeFiles/firmware.dir/Core/startup_py32f071xx.s.obj
 .data          0x00000000        0x0 CMakeFiles/firmware.dir/Core/startup_py32f071xx.s.obj
 .bss           0x00000000        0x0 CMakeFiles/firmware.dir/Core/startup_py32f071xx.s.obj
 .text          0x00000000        0x0 CMakeFiles/firmware.dir/Drivers/PY32F071_HAL_Driver/Src/py32f071_ll_rcc.c.obj
 .data          0x00000000        0x0 CMakeFiles/firmware.dir/Drivers/PY32F071_HAL_Driver/Src/py32f071_ll_rcc.c.obj
 .bss           0x00000000        0x0 CMakeFiles/firmware.dir/Drivers/PY32F071_HAL_Driver/Src/py32f071_ll_rcc.c.obj
 .text.LL_RCC_LSE_IsReady
                0x00000000       0x10 CMakeFiles/firmware.dir/Drivers/PY32F071_HAL_Driver/Src/py32f071_ll_rcc.c.obj
 .text.LL_RCC_LSI_IsReady
                0x00000000       0x10 CMakeFiles/firmware.dir/Drivers/PY32F071_HAL_Driver/Src/py32f071_ll_rcc.c.obj
 .text.LL_RCC_DeInit
                0x00000000       0x70 CMakeFiles/firmware.dir/Drivers/PY32F071_HAL_Driver/Src/py32f071_ll_rcc.c.obj
 .text.LL_RCC_GetLSCClockFreq
                0x00000000       0x24 CMakeFiles/firmware.dir/Drivers/PY32F071_HAL_Driver/Src/py32f071_ll_rcc.c.obj
 .text.LL_RCC_GetRTCClockFreq
                0x00000000       0x54 CMakeFiles/firmware.dir/Drivers/PY32F071_HAL_Driver/Src/py32f071_ll_rcc.c.obj
 .text.RCC_GetHCLKClockFreq
                0x00000000       0x20 CMakeFiles/firmware.dir/Drivers/PY32F071_HAL_Driver/Src/py32f071_ll_rcc.c.obj
 .text.RCC_GetPCLK1ClockFreq
                0x00000000       0x20 CMakeFiles/firmware.dir/Drivers/PY32F071_HAL_Driver/Src/py32f071_ll_rcc.c.obj
 .text.RCC_PLL_GetFreqDomain_SYS
                0x00000000       0x38 CMakeFiles/firmware.dir/Drivers/PY32F071_HAL_Driver/Src/py32f071_ll_rcc.c.obj
 .text.RCC_GetSystemClockFreq
                0x00000000       0x50 CMakeFiles/firmware.dir/Drivers/PY32F071_HAL_Driver/Src/py32f071_ll_rcc.c.obj
 .text.LL_RCC_GetSystemClocksFreq
                0x00000000       0x18 CMakeFiles/firmware.dir/Drivers/PY32F071_HAL_Driver/Src/py32f071_ll_rcc.c.obj
 .text.LL_RCC_GetPVDClockFreq
                0x00000000       0x24 CMakeFiles/firmware.dir/Drivers/PY32F071_HAL_Driver/Src/py32f071_ll_rcc.c.obj
 .text.LL_RCC_GetCOMPClockFreq
                0x00000000       0x60 CMakeFiles/firmware.dir/Drivers/PY32F071_HAL_Driver/Src/py32f071_ll_rcc.c.obj
 .text.LL_RCC_GetLPTIMClockFreq
                0x00000000       0x64 CMakeFiles/firmware.dir/Drivers/PY32F071_HAL_Driver/Src/py32f071_ll_rcc.c.obj
 .text.LL_RCC_GetADCClockFreq
                0x00000000       0x68 CMakeFiles/firmware.dir/Drivers/PY32F071_HAL_Driver/Src/py32f071_ll_rcc.c.obj
 .text.LL_RCC_GetMCOClockFreq
                0x00000000       0xd4 CMakeFiles/firmware.dir/Drivers/PY32F071_HAL_Driver/Src/py32f071_ll_rcc.c.obj
 .comment       0x00000000       0x3a CMakeFiles/firmware.dir/Drivers/PY32F071_HAL_Driver/Src/py32f071_ll_rcc.c.obj
 .ARM.attributes
                0x00000000       0x2c CMakeFiles/firmware.dir/Drivers/PY32F071_HAL_Driver/Src/py32f071_ll_rcc.c.obj
 .text          0x00000000        0x0 CMakeFiles/firmware.dir/Drivers/PY32F071_HAL_Driver/Src/py32f071_ll_pwr.c.obj
 .data          0x00000000        0x0 CMakeFiles/firmware.dir/Drivers/PY32F071_HAL_Driver/Src/py32f071_ll_pwr.c.obj
 .bss           0x00000000        0x0 CMakeFiles/firmware.dir/Drivers/PY32F071_HAL_Driver/Src/py32f071_ll_pwr.c.obj
 .text.LL_PWR_DeInit
                0x00000000       0x20 CMakeFiles/firmware.dir/Drivers/PY32F071_HAL_Driver/Src/py32f071_ll_pwr.c.obj
 .comment       0x00000000       0x3a CMakeFiles/firmware.dir/Drivers/PY32F071_HAL_Driver/Src/py32f071_ll_pwr.c.obj
 .ARM.attributes
                0x00000000       0x2c CMakeFiles/firmware.dir/Drivers/PY32F071_HAL_Driver/Src/py32f071_ll_pwr.c.obj
 .text          0x00000000        0x0 CMakeFiles/firmware.dir/Drivers/PY32F071_HAL_Driver/Src/py32f071_ll_dma.c.obj
 .data          0x00000000        0x0 CMakeFiles/firmware.dir/Drivers/PY32F071_HAL_Driver/Src/py32f071_ll_dma.c.obj
 .bss           0x00000000        0x0 CMakeFiles/firmware.dir/Drivers/PY32F071_HAL_Driver/Src/py32f071_ll_dma.c.obj
 .text.LL_DMA_DeInit
                0x00000000       0x94 CMakeFiles/firmware.dir/Drivers/PY32F071_HAL_Driver/Src/py32f071_ll_dma.c.obj
 .text.LL_DMA_Init
                0x00000000       0x4c CMakeFiles/firmware.dir/Drivers/PY32F071_HAL_Driver/Src/py32f071_ll_dma.c.obj
 .text.LL_DMA_StructInit
                0x00000000       0x18 CMakeFiles/firmware.dir/Drivers/PY32F071_HAL_Driver/Src/py32f071_ll_dma.c.obj
 .rodata.CHANNEL_OFFSET_TAB
                0x00000000        0x7 CMakeFiles/firmware.dir/Drivers/PY32F071_HAL_Driver/Src/py32f071_ll_dma.c.obj
 .comment       0x00000000       0x3a CMakeFiles/firmware.dir/Drivers/PY32F071_HAL_Driver/Src/py32f071_ll_dma.c.obj
 .ARM.attributes
                0x00000000       0x2c CMakeFiles/firmware.dir/Drivers/PY32F071_HAL_Driver/Src/py32f071_ll_dma.c.obj
 .text          0x00000000        0x0 CMakeFiles/firmware.dir/Drivers/PY32F071_HAL_Driver/Src/py32f071_ll_gpio.c.obj
 .data          0x00000000        0x0 CMakeFiles/firmware.dir/Drivers/PY32F071_HAL_Driver/Src/py32f071_ll_gpio.c.obj
 .bss           0x00000000        0x0 CMakeFiles/firmware.dir/Drivers/PY32F071_HAL_Driver/Src/py32f071_ll_gpio.c.obj
 .text.LL_GPIO_DeInit
                0x00000000       0x5c CMakeFiles/firmware.dir/Drivers/PY32F071_HAL_Driver/Src/py32f071_ll_gpio.c.obj
 .text.LL_GPIO_Init
                0x00000000       0xb4 CMakeFiles/firmware.dir/Drivers/PY32F071_HAL_Driver/Src/py32f071_ll_gpio.c.obj
 .text.LL_GPIO_StructInit
                0x00000000       0x18 CMakeFiles/firmware.dir/Drivers/PY32F071_HAL_Driver/Src/py32f071_ll_gpio.c.obj
 .comment       0x00000000       0x3a CMakeFiles/firmware.dir/Drivers/PY32F071_HAL_Driver/Src/py32f071_ll_gpio.c.obj
 .ARM.attributes
                0x00000000       0x2c CMakeFiles/firmware.dir/Drivers/PY32F071_HAL_Driver/Src/py32f071_ll_gpio.c.obj
 .text          0x00000000        0x0 CMakeFiles/firmware.dir/Drivers/PY32F071_HAL_Driver/Src/py32f071_ll_utils.c.obj
 .data          0x00000000        0x0 CMakeFiles/firmware.dir/Drivers/PY32F071_HAL_Driver/Src/py32f071_ll_utils.c.obj
 .bss           0x00000000        0x0 CMakeFiles/firmware.dir/Drivers/PY32F071_HAL_Driver/Src/py32f071_ll_utils.c.obj
 .text.LL_RCC_HSI_GetFreq
                0x00000000       0x18 CMakeFiles/firmware.dir/Drivers/PY32F071_HAL_Driver/Src/py32f071_ll_utils.c.obj
 .text.LL_Init1msTick
                0x00000000       0x20 CMakeFiles/firmware.dir/Drivers/PY32F071_HAL_Driver/Src/py32f071_ll_utils.c.obj
 .text.LL_mDelay
                0x00000000       0x2c CMakeFiles/firmware.dir/Drivers/PY32F071_HAL_Driver/Src/py32f071_ll_utils.c.obj
 .text.LL_SetFlashLatency
                0x00000000       0x50 CMakeFiles/firmware.dir/Drivers/PY32F071_HAL_Driver/Src/py32f071_ll_utils.c.obj
 .text.UTILS_EnablePLLAndSwitchSystem
                0x00000000       0x9c CMakeFiles/firmware.dir/Drivers/PY32F071_HAL_Driver/Src/py32f071_ll_utils.c.obj
 .text.LL_PLL_ConfigSystemClock_HSI
                0x00000000       0x94 CMakeFiles/firmware.dir/Drivers/PY32F071_HAL_Driver/Src/py32f071_ll_utils.c.obj
 .text.LL_PLL_ConfigSystemClock_HSE
                0x00000000       0xd0 CMakeFiles/firmware.dir/Drivers/PY32F071_HAL_Driver/Src/py32f071_ll_utils.c.obj
 .text          0x00000000        0x0 CMakeFiles/firmware.dir/Drivers/PY32F071_HAL_Driver/Src/py32f071_ll_adc.c.obj
 .data          0x00000000        0x0 CMakeFiles/firmware.dir/Drivers/PY32F071_HAL_Driver/Src/py32f071_ll_adc.c.obj
 .bss           0x00000000        0x0 CMakeFiles/firmware.dir/Drivers/PY32F071_HAL_Driver/Src/py32f071_ll_adc.c.obj
 .text.LL_ADC_DeInit
                0x00000000       0xd4 CMakeFiles/firmware.dir/Drivers/PY32F071_HAL_Driver/Src/py32f071_ll_adc.c.obj
 .text.LL_ADC_Init
                0x00000000       0x34 CMakeFiles/firmware.dir/Drivers/PY32F071_HAL_Driver/Src/py32f071_ll_adc.c.obj
 .text.LL_ADC_StructInit
                0x00000000        0xc CMakeFiles/firmware.dir/Drivers/PY32F071_HAL_Driver/Src/py32f071_ll_adc.c.obj
 .text.LL_ADC_REG_Init
                0x00000000       0x50 CMakeFiles/firmware.dir/Drivers/PY32F071_HAL_Driver/Src/py32f071_ll_adc.c.obj
 .text.LL_ADC_REG_StructInit
                0x00000000       0x12 CMakeFiles/firmware.dir/Drivers/PY32F071_HAL_Driver/Src/py32f071_ll_adc.c.obj
 .text.LL_ADC_INJ_Init
                0x00000000       0x48 CMakeFiles/firmware.dir/Drivers/PY32F071_HAL_Driver/Src/py32f071_ll_adc.c.obj
 .text.LL_ADC_INJ_StructInit
                0x00000000       0x10 CMakeFiles/firmware.dir/Drivers/PY32F071_HAL_Driver/Src/py32f071_ll_adc.c.obj
 .comment       0x00000000       0x3a CMakeFiles/firmware.dir/Drivers/PY32F071_HAL_Driver/Src/py32f071_ll_adc.c.obj
 .ARM.attributes
                0x00000000       0x2c CMakeFiles/firmware.dir/Drivers/PY32F071_HAL_Driver/Src/py32f071_ll_adc.c.obj
 .text          0x00000000        0x0 CMakeFiles/firmware.dir/Drivers/PY32F071_HAL_Driver/Src/py32f071_ll_comp.c.obj
 .data          0x00000000        0x0 CMakeFiles/firmware.dir/Drivers/PY32F071_HAL_Driver/Src/py32f071_ll_comp.c.obj
 .bss           0x00000000        0x0 CMakeFiles/firmware.dir/Drivers/PY32F071_HAL_Driver/Src/py32f071_ll_comp.c.obj
 .text.LL_COMP_DeInit
                0x00000000        0xa CMakeFiles/firmware.dir/Drivers/PY32F071_HAL_Driver/Src/py32f071_ll_comp.c.obj
 .text.LL_COMP_Init
                0x00000000       0x70 CMakeFiles/firmware.dir/Drivers/PY32F071_HAL_Driver/Src/py32f071_ll_comp.c.obj
 .text.LL_COMP_StructInit
                0x00000000       0x14 CMakeFiles/firmware.dir/Drivers/PY32F071_HAL_Driver/Src/py32f071_ll_comp.c.obj
 .comment       0x00000000       0x3a CMakeFiles/firmware.dir/Drivers/PY32F071_HAL_Driver/Src/py32f071_ll_comp.c.obj
 .ARM.attributes
                0x00000000       0x2c CMakeFiles/firmware.dir/Drivers/PY32F071_HAL_Driver/Src/py32f071_ll_comp.c.obj
 .text          0x00000000        0x0 CMakeFiles/firmware.dir/Drivers/PY32F071_HAL_Driver/Src/py32f071_ll_crc.c.obj
 .data          0x00000000        0x0 CMakeFiles/firmware.dir/Drivers/PY32F071_HAL_Driver/Src/py32f071_ll_crc.c.obj
 .bss           0x00000000        0x0 CMakeFiles/firmware.dir/Drivers/PY32F071_HAL_Driver/Src/py32f071_ll_crc.c.obj
 .text.LL_CRC_DeInit
                0x00000000       0x1c CMakeFiles/firmware.dir/Drivers/PY32F071_HAL_Driver/Src/py32f071_ll_crc.c.obj
 .comment       0x00000000       0x3a CMakeFiles/firmware.dir/Drivers/PY32F071_HAL_Driver/Src/py32f071_ll_crc.c.obj
 .ARM.attributes
                0x00000000       0x2c CMakeFiles/firmware.dir/Drivers/PY32F071_HAL_Driver/Src/py32f071_ll_crc.c.obj
 .text          0x00000000        0x0 CMakeFiles/firmware.dir/Drivers/PY32F071_HAL_Driver/Src/py32f071_ll_dac.c.obj
 .data          0x00000000        0x0 CMakeFiles/firmware.dir/Drivers/PY32F071_HAL_Driver/Src/py32f071_ll_dac.c.obj
 .bss           0x00000000        0x0 CMakeFiles/firmware.dir/Drivers/PY32F071_HAL_Driver/Src/py32f071_ll_dac.c.obj
 .text.LL_DAC_DeInit
                0x00000000       0x20 CMakeFiles/firmware.dir/Drivers/PY32F071_HAL_Driver/Src/py32f071_ll_dac.c.obj
 .text.LL_DAC_Init
                0x00000000       0x50 CMakeFiles/firmware.dir/Drivers/PY32F071_HAL_Driver/Src/py32f071_ll_dac.c.obj
 .text.LL_DAC_StructInit
                0x00000000        0xe CMakeFiles/firmware.dir/Drivers/PY32F071_HAL_Driver/Src/py32f071_ll_dac.c.obj
 .comment       0x00000000       0x3a CMakeFiles/firmware.dir/Drivers/PY32F071_HAL_Driver/Src/py32f071_ll_dac.c.obj
 .ARM.attributes
                0x00000000       0x2c CMakeFiles/firmware.dir/Drivers/PY32F071_HAL_Driver/Src/py32f071_ll_dac.c.obj
 .text          0x00000000        0x0 CMakeFiles/firmware.dir/Drivers/PY32F071_HAL_Driver/Src/py32f071_ll_exti.c.obj
 .data          0x00000000        0x0 CMakeFiles/firmware.dir/Drivers/PY32F071_HAL_Driver/Src/py32f071_ll_exti.c.obj
 .bss           0x00000000        0x0 CMakeFiles/firmware.dir/Drivers/PY32F071_HAL_Driver/Src/py32f071_ll_exti.c.obj
 .text.LL_EXTI_DeInit
                0x00000000       0x28 CMakeFiles/firmware.dir/Drivers/PY32F071_HAL_Driver/Src/py32f071_ll_exti.c.obj
 .text.LL_EXTI_Init
                0x00000000       0xa8 CMakeFiles/firmware.dir/Drivers/PY32F071_HAL_Driver/Src/py32f071_ll_exti.c.obj
 .text.LL_EXTI_StructInit
                0x00000000        0xc CMakeFiles/firmware.dir/Drivers/PY32F071_HAL_Driver/Src/py32f071_ll_exti.c.obj
 .comment       0x00000000       0x3a CMakeFiles/firmware.dir/Drivers/PY32F071_HAL_Driver/Src/py32f071_ll_exti.c.obj
 .ARM.attributes
                0x00000000       0x2c CMakeFiles/firmware.dir/Drivers/PY32F071_HAL_Driver/Src/py32f071_ll_exti.c.obj
 .text          0x00000000        0x0 CMakeFiles/firmware.dir/Drivers/PY32F071_HAL_Driver/Src/py32f071_ll_i2c.c.obj
 .data          0x00000000        0x0 CMakeFiles/firmware.dir/Drivers/PY32F071_HAL_Driver/Src/py32f071_ll_i2c.c.obj
 .bss           0x00000000        0x0 CMakeFiles/firmware.dir/Drivers/PY32F071_HAL_Driver/Src/py32f071_ll_i2c.c.obj
 .text.LL_I2C_DeInit
                0x00000000       0x50 CMakeFiles/firmware.dir/Drivers/PY32F071_HAL_Driver/Src/py32f071_ll_i2c.c.obj
 .text.LL_I2C_Init
                0x00000000       0xf4 CMakeFiles/firmware.dir/Drivers/PY32F071_HAL_Driver/Src/py32f071_ll_i2c.c.obj
 .text.LL_I2C_StructInit
                0x00000000       0x1c CMakeFiles/firmware.dir/Drivers/PY32F071_HAL_Driver/Src/py32f071_ll_i2c.c.obj
 .comment       0x00000000       0x3a CMakeFiles/firmware.dir/Drivers/PY32F071_HAL_Driver/Src/py32f071_ll_i2c.c.obj
 .ARM.attributes
                0x00000000       0x2c CMakeFiles/firmware.dir/Drivers/PY32F071_HAL_Driver/Src/py32f071_ll_i2c.c.obj
 .text          0x00000000        0x0 CMakeFiles/firmware.dir/Drivers/PY32F071_HAL_Driver/Src/py32f071_ll_rtc.c.obj
 .data          0x00000000        0x0 CMakeFiles/firmware.dir/Drivers/PY32F071_HAL_Driver/Src/py32f071_ll_rtc.c.obj
 .bss           0x00000000        0x0 CMakeFiles/firmware.dir/Drivers/PY32F071_HAL_Driver/Src/py32f071_ll_rtc.c.obj
 .text.LL_RTC_StructInit
                0x00000000        0xc CMakeFiles/firmware.dir/Drivers/PY32F071_HAL_Driver/Src/py32f071_ll_rtc.c.obj
 .text.LL_RTC_TIME_StructInit
                0x00000000        0xa CMakeFiles/firmware.dir/Drivers/PY32F071_HAL_Driver/Src/py32f071_ll_rtc.c.obj
 .text.LL_RTC_ALARM_StructInit
                0x00000000        0xa CMakeFiles/firmware.dir/Drivers/PY32F071_HAL_Driver/Src/py32f071_ll_rtc.c.obj
 .text.LL_RTC_EnterInitMode
                0x00000000       0x50 CMakeFiles/firmware.dir/Drivers/PY32F071_HAL_Driver/Src/py32f071_ll_rtc.c.obj
 .text.LL_RTC_ExitInitMode
                0x00000000       0x50 CMakeFiles/firmware.dir/Drivers/PY32F071_HAL_Driver/Src/py32f071_ll_rtc.c.obj
 .text.LL_RTC_TIME_Init
                0x00000000       0x6c CMakeFiles/firmware.dir/Drivers/PY32F071_HAL_Driver/Src/py32f071_ll_rtc.c.obj
 .text.LL_RTC_ALARM_Init
                0x00000000       0x6c CMakeFiles/firmware.dir/Drivers/PY32F071_HAL_Driver/Src/py32f071_ll_rtc.c.obj
 .text.LL_RTC_TIME_SetCounter
                0x00000000       0x24 CMakeFiles/firmware.dir/Drivers/PY32F071_HAL_Driver/Src/py32f071_ll_rtc.c.obj
 .text.LL_RTC_ALARM_SetCounter
                0x00000000       0x24 CMakeFiles/firmware.dir/Drivers/PY32F071_HAL_Driver/Src/py32f071_ll_rtc.c.obj
 .text.LL_RTC_WaitForSynchro
                0x00000000       0x50 CMakeFiles/firmware.dir/Drivers/PY32F071_HAL_Driver/Src/py32f071_ll_rtc.c.obj
 .text.LL_RTC_DeInit
                0x00000000       0x56 CMakeFiles/firmware.dir/Drivers/PY32F071_HAL_Driver/Src/py32f071_ll_rtc.c.obj
 .text.LL_RTC_Init
                0x00000000       0x68 CMakeFiles/firmware.dir/Drivers/PY32F071_HAL_Driver/Src/py32f071_ll_rtc.c.obj
 .comment       0x00000000       0x3a CMakeFiles/firmware.dir/Drivers/PY32F071_HAL_Driver/Src/py32f071_ll_rtc.c.obj
 .ARM.attributes
                0x00000000       0x2c CMakeFiles/firmware.dir/Drivers/PY32F071_HAL_Driver/Src/py32f071_ll_rtc.c.obj
 .text          0x00000000        0x0 CMakeFiles/firmware.dir/Drivers/PY32F071_HAL_Driver/Src/py32f071_ll_spi.c.obj
 .data          0x00000000        0x0 CMakeFiles/firmware.dir/Drivers/PY32F071_HAL_Driver/Src/py32f071_ll_spi.c.obj
 .bss           0x00000000        0x0 CMakeFiles/firmware.dir/Drivers/PY32F071_HAL_Driver/Src/py32f071_ll_spi.c.obj
 .text.LL_SPI_DeInit
                0x00000000       0x54 CMakeFiles/firmware.dir/Drivers/PY32F071_HAL_Driver/Src/py32f071_ll_spi.c.obj
 .text.LL_SPI_Init
                0x00000000       0x68 CMakeFiles/firmware.dir/Drivers/PY32F071_HAL_Driver/Src/py32f071_ll_spi.c.obj
 .text.LL_SPI_StructInit
                0x00000000       0x1a CMakeFiles/firmware.dir/Drivers/PY32F071_HAL_Driver/Src/py32f071_ll_spi.c.obj
 .text.LL_I2S_DeInit
                0x00000000        0x8 CMakeFiles/firmware.dir/Drivers/PY32F071_HAL_Driver/Src/py32f071_ll_spi.c.obj
 .text.LL_I2S_Init
                0x00000000       0x9c CMakeFiles/firmware.dir/Drivers/PY32F071_HAL_Driver/Src/py32f071_ll_spi.c.obj
 .text.LL_I2S_StructInit
                0x00000000       0x12 CMakeFiles/firmware.dir/Drivers/PY32F071_HAL_Driver/Src/py32f071_ll_spi.c.obj
 .text.LL_I2S_ConfigPrescaler
                0x00000000       0x10 CMakeFiles/firmware.dir/Drivers/PY32F071_HAL_Driver/Src/py32f071_ll_spi.c.obj
 .comment       0x00000000       0x3a CMakeFiles/firmware.dir/Drivers/PY32F071_HAL_Driver/Src/py32f071_ll_spi.c.obj
 .ARM.attributes
                0x00000000       0x2c CMakeFiles/firmware.dir/Drivers/PY32F071_HAL_Driver/Src/py32f071_ll_spi.c.obj
 .text          0x00000000        0x0 CMakeFiles/firmware.dir/Drivers/PY32F071_HAL_Driver/Src/py32f071_ll_tim.c.obj
 .data          0x00000000        0x0 CMakeFiles/firmware.dir/Drivers/PY32F071_HAL_Driver/Src/py32f071_ll_tim.c.obj
 .bss           0x00000000        0x0 CMakeFiles/firmware.dir/Drivers/PY32F071_HAL_Driver/Src/py32f071_ll_tim.c.obj
 .text.LL_TIM_DeInit
                0x00000000      0x100 CMakeFiles/firmware.dir/Drivers/PY32F071_HAL_Driver/Src/py32f071_ll_tim.c.obj
 .text.LL_TIM_StructInit
                0x00000000       0x12 CMakeFiles/firmware.dir/Drivers/PY32F071_HAL_Driver/Src/py32f071_ll_tim.c.obj
 .text.LL_TIM_Init
                0x00000000       0x94 CMakeFiles/firmware.dir/Drivers/PY32F071_HAL_Driver/Src/py32f071_ll_tim.c.obj
 .text.LL_TIM_OC_StructInit
                0x00000000       0x14 CMakeFiles/firmware.dir/Drivers/PY32F071_HAL_Driver/Src/py32f071_ll_tim.c.obj
 .text.LL_TIM_OC_Init
                0x00000000      0x200 CMakeFiles/firmware.dir/Drivers/PY32F071_HAL_Driver/Src/py32f071_ll_tim.c.obj
 .text.LL_TIM_IC_StructInit
                0x00000000       0x10 CMakeFiles/firmware.dir/Drivers/PY32F071_HAL_Driver/Src/py32f071_ll_tim.c.obj
 .text.LL_TIM_IC_Init
                0x00000000       0xe8 CMakeFiles/firmware.dir/Drivers/PY32F071_HAL_Driver/Src/py32f071_ll_tim.c.obj
 .text.LL_TIM_ENCODER_StructInit
                0x00000000       0x1c CMakeFiles/firmware.dir/Drivers/PY32F071_HAL_Driver/Src/py32f071_ll_tim.c.obj
 .text.LL_TIM_ENCODER_Init
                0x00000000       0x5c CMakeFiles/firmware.dir/Drivers/PY32F071_HAL_Driver/Src/py32f071_ll_tim.c.obj
 .text.LL_TIM_HALLSENSOR_StructInit
                0x00000000        0xc CMakeFiles/firmware.dir/Drivers/PY32F071_HAL_Driver/Src/py32f071_ll_tim.c.obj
 .text.LL_TIM_HALLSENSOR_Init
                0x00000000       0x60 CMakeFiles/firmware.dir/Drivers/PY32F071_HAL_Driver/Src/py32f071_ll_tim.c.obj
 .text.LL_TIM_BDTR_StructInit
                0x00000000       0x12 CMakeFiles/firmware.dir/Drivers/PY32F071_HAL_Driver/Src/py32f071_ll_tim.c.obj
 .text.LL_TIM_BDTR_Init
                0x00000000       0x48 CMakeFiles/firmware.dir/Drivers/PY32F071_HAL_Driver/Src/py32f071_ll_tim.c.obj
 .comment       0x00000000       0x3a CMakeFiles/firmware.dir/Drivers/PY32F071_HAL_Driver/Src/py32f071_ll_tim.c.obj
 .ARM.attributes
                0x00000000       0x2c CMakeFiles/firmware.dir/Drivers/PY32F071_HAL_Driver/Src/py32f071_ll_tim.c.obj
 .text          0x00000000        0x0 CMakeFiles/firmware.dir/Drivers/PY32F071_HAL_Driver/Src/py32f071_ll_lptim.c.obj
 .data          0x00000000        0x0 CMakeFiles/firmware.dir/Drivers/PY32F071_HAL_Driver/Src/py32f071_ll_lptim.c.obj
 .bss           0x00000000        0x0 CMakeFiles/firmware.dir/Drivers/PY32F071_HAL_Driver/Src/py32f071_ll_lptim.c.obj
 .text.LL_LPTIM_DeInit
                0x00000000       0x2c CMakeFiles/firmware.dir/Drivers/PY32F071_HAL_Driver/Src/py32f071_ll_lptim.c.obj
 .text.LL_LPTIM_StructInit
                0x00000000        0x8 CMakeFiles/firmware.dir/Drivers/PY32F071_HAL_Driver/Src/py32f071_ll_lptim.c.obj
 .text.LL_LPTIM_Init
                0x00000000       0x28 CMakeFiles/firmware.dir/Drivers/PY32F071_HAL_Driver/Src/py32f071_ll_lptim.c.obj
 .comment       0x00000000       0x3a CMakeFiles/firmware.dir/Drivers/PY32F071_HAL_Driver/Src/py32f071_ll_lptim.c.obj
 .ARM.attributes
                0x00000000       0x2c CMakeFiles/firmware.dir/Drivers/PY32F071_HAL_Driver/Src/py32f071_ll_lptim.c.obj
 .text          0x00000000        0x0 CMakeFiles/firmware.dir/Drivers/PY32F071_HAL_Driver/Src/py32f071_ll_usart.c.obj
 .data          0x00000000        0x0 CMakeFiles/firmware.dir/Drivers/PY32F071_HAL_Driver/Src/py32f071_ll_usart.c.obj
 .bss           0x00000000        0x0 CMakeFiles/firmware.dir/Drivers/PY32F071_HAL_Driver/Src/py32f071_ll_usart.c.obj
 .text.LL_USART_DeInit
                0x00000000       0x94 CMakeFiles/firmware.dir/Drivers/PY32F071_HAL_Driver/Src/py32f071_ll_usart.c.obj
 .text.LL_USART_Init
                0x00000000       0xe4 CMakeFiles/firmware.dir/Drivers/PY32F071_HAL_Driver/Src/py32f071_ll_usart.c.obj
 .text.LL_USART_StructInit
                0x00000000       0x18 CMakeFiles/firmware.dir/Drivers/PY32F071_HAL_Driver/Src/py32f071_ll_usart.c.obj
 .text.LL_USART_ClockInit
                0x00000000       0x40 CMakeFiles/firmware.dir/Drivers/PY32F071_HAL_Driver/Src/py32f071_ll_usart.c.obj
 .text.LL_USART_ClockStructInit
                0x00000000        0xc CMakeFiles/firmware.dir/Drivers/PY32F071_HAL_Driver/Src/py32f071_ll_usart.c.obj
 .comment       0x00000000       0x3a CMakeFiles/firmware.dir/Drivers/PY32F071_HAL_Driver/Src/py32f071_ll_usart.c.obj
 .ARM.attributes
                0x00000000       0x2c CMakeFiles/firmware.dir/Drivers/PY32F071_HAL_Driver/Src/py32f071_ll_usart.c.obj
 .text          0x00000000        0x0 CMakeFiles/firmware.dir/external/printf/printf.c.obj
 .data          0x00000000        0x0 CMakeFiles/firmware.dir/external/printf/printf.c.obj
 .bss           0x00000000        0x0 CMakeFiles/firmware.dir/external/printf/printf.c.obj
 .text._out_buffer
                0x00000000        0x8 CMakeFiles/firmware.dir/external/printf/printf.c.obj
 .text._out_null
                0x00000000        0x2 CMakeFiles/firmware.dir/external/printf/printf.c.obj
 .text._ntoa_long
                0x00000000      0x1f0 CMakeFiles/firmware.dir/external/printf/printf.c.obj
 .text._out_char
                0x00000000        0xc CMakeFiles/firmware.dir/external/printf/printf.c.obj
 .text._out_fct
                0x00000000        0xe CMakeFiles/firmware.dir/external/printf/printf.c.obj
 .text._vsnprintf
                0x00000000      0x458 CMakeFiles/firmware.dir/external/printf/printf.c.obj
 .text.printf_  0x00000000       0x24 CMakeFiles/firmware.dir/external/printf/printf.c.obj
 .text.sprintf_
                0x00000000       0x28 CMakeFiles/firmware.dir/external/printf/printf.c.obj
 .text.snprintf_
                0x00000000       0x28 CMakeFiles/firmware.dir/external/printf/printf.c.obj
 .text.vprintf_
                0x00000000       0x1c CMakeFiles/firmware.dir/external/printf/printf.c.obj
 .text.vsnprintf_
                0x00000000       0x18 CMakeFiles/firmware.dir/external/printf/printf.c.obj
 .text.fctprintf
                0x00000000       0x2c CMakeFiles/firmware.dir/external/printf/printf.c.obj
 .comment       0x00000000       0x3a CMakeFiles/firmware.dir/external/printf/printf.c.obj
 .ARM.attributes
                0x00000000       0x2c CMakeFiles/firmware.dir/external/printf/printf.c.obj
 .text          0x00000000       0x14 /home/user1/devel/radio/tools/xpack-arm-none-eabi-gcc-12.3.1-1.2/bin/../lib/gcc/arm-none-eabi/12.3.1/thumb/v6-m/nofp/libgcc.a(_thumb1_case_uqi.o)
 .data          0x00000000        0x0 /home/user1/devel/radio/tools/xpack-arm-none-eabi-gcc-12.3.1-1.2/bin/../lib/gcc/arm-none-eabi/12.3.1/thumb/v6-m/nofp/libgcc.a(_thumb1_case_uqi.o)
 .bss           0x00000000        0x0 /home/user1/devel/radio/tools/xpack-arm-none-eabi-gcc-12.3.1-1.2/bin/../lib/gcc/arm-none-eabi/12.3.1/thumb/v6-m/nofp/libgcc.a(_thumb1_case_uqi.o)
 .ARM.attributes
                0x00000000       0x1e /home/user1/devel/radio/tools/xpack-arm-none-eabi-gcc-12.3.1-1.2/bin/../lib/gcc/arm-none-eabi/12.3.1/thumb/v6-m/nofp/libgcc.a(_thumb1_case_uqi.o)
 .text          0x00000000      0x114 /home/user1/devel/radio/tools/xpack-arm-none-eabi-gcc-12.3.1-1.2/bin/../lib/gcc/arm-none-eabi/12.3.1/thumb/v6-m/nofp/libgcc.a(_udivsi3.o)
 .data          0x00000000        0x0 /home/user1/devel/radio/tools/xpack-arm-none-eabi-gcc-12.3.1-1.2/bin/../lib/gcc/arm-none-eabi/12.3.1/thumb/v6-m/nofp/libgcc.a(_udivsi3.o)
 .bss           0x00000000        0x0 /home/user1/devel/radio/tools/xpack-arm-none-eabi-gcc-12.3.1-1.2/bin/../lib/gcc/arm-none-eabi/12.3.1/thumb/v6-m/nofp/libgcc.a(_udivsi3.o)
 .ARM.attributes
                0x00000000       0x1e /home/user1/devel/radio/tools/xpack-arm-none-eabi-gcc-12.3.1-1.2/bin/../lib/gcc/arm-none-eabi/12.3.1/thumb/v6-m/nofp/libgcc.a(_udivsi3.o)
 .text          0x00000000      0x1d4 /home/user1/devel/radio/tools/xpack-arm-none-eabi-gcc-12.3.1-1.2/bin/../lib/gcc/arm-none-eabi/12.3.1/thumb/v6-m/nofp/libgcc.a(_divsi3.o)
 .data          0x00000000        0x0 /home/user1/devel/radio/tools/xpack-arm-none-eabi-gcc-12.3.1-1.2/bin/../lib/gcc/arm-none-eabi/12.3.1/thumb/v6-m/nofp/libgcc.a(_divsi3.o)
 .bss           0x00000000        0x0 /home/user1/devel/radio/tools/xpack-arm-none-eabi-gcc-12.3.1-1.2/bin/../lib/gcc/arm-none-eabi/12.3.1/thumb/v6-m/nofp/libgcc.a(_divsi3.o)
 .ARM.attributes
                0x00000000       0x1e /home/user1/devel/radio/tools/xpack-arm-none-eabi-gcc-12.3.1-1.2/bin/../lib/gcc/arm-none-eabi/12.3.1/thumb/v6-m/nofp/libgcc.a(_divsi3.o)
 .text          0x00000000        0x4 /home/user1/devel/radio/tools/xpack-arm-none-eabi-gcc-12.3.1-1.2/bin/../lib/gcc/arm-none-eabi/12.3.1/thumb/v6-m/nofp/libgcc.a(_dvmd_tls.o)
 .data          0x00000000        0x0 /home/user1/devel/radio/tools/xpack-arm-none-eabi-gcc-12.3.1-1.2/bin/../lib/gcc/arm-none-eabi/12.3.1/thumb/v6-m/nofp/libgcc.a(_dvmd_tls.o)
 .bss           0x00000000        0x0 /home/user1/devel/radio/tools/xpack-arm-none-eabi-gcc-12.3.1-1.2/bin/../lib/gcc/arm-none-eabi/12.3.1/thumb/v6-m/nofp/libgcc.a(_dvmd_tls.o)
 .ARM.attributes
                0x00000000       0x1e /home/user1/devel/radio/tools/xpack-arm-none-eabi-gcc-12.3.1-1.2/bin/../lib/gcc/arm-none-eabi/12.3.1/thumb/v6-m/nofp/libgcc.a(_dvmd_tls.o)
 .text          0x00000000        0x0 /home/user1/devel/radio/tools/xpack-arm-none-eabi-gcc-12.3.1-1.2/bin/../lib/gcc/arm-none-eabi/12.3.1/../../../../arm-none-eabi/lib/thumb/v6-m/nofp/libg_nano.a(libc_a-atexit.o)
 .data          0x00000000        0x0 /home/user1/devel/radio/tools/xpack-arm-none-eabi-gcc-12.3.1-1.2/bin/../lib/gcc/arm-none-eabi/12.3.1/../../../../arm-none-eabi/lib/thumb/v6-m/nofp/libg_nano.a(libc_a-atexit.o)
 .bss           0x00000000        0x0 /home/user1/devel/radio/tools/xpack-arm-none-eabi-gcc-12.3.1-1.2/bin/../lib/gcc/arm-none-eabi/12.3.1/../../../../arm-none-eabi/lib/thumb/v6-m/nofp/libg_nano.a(libc_a-atexit.o)
 .text.atexit   0x00000000       0x10 /home/user1/devel/radio/tools/xpack-arm-none-eabi-gcc-12.3.1-1.2/bin/../lib/gcc/arm-none-eabi/12.3.1/../../../../arm-none-eabi/lib/thumb/v6-m/nofp/libg_nano.a(libc_a-atexit.o)
 .comment       0x00000000       0x3a /home/user1/devel/radio/tools/xpack-arm-none-eabi-gcc-12.3.1-1.2/bin/../lib/gcc/arm-none-eabi/12.3.1/../../../../arm-none-eabi/lib/thumb/v6-m/nofp/libg_nano.a(libc_a-atexit.o)
 .ARM.attributes
                0x00000000       0x2c /home/user1/devel/radio/tools/xpack-arm-none-eabi-gcc-12.3.1-1.2/bin/../lib/gcc/arm-none-eabi/12.3.1/../../../../arm-none-eabi/lib/thumb/v6-m/nofp/libg_nano.a(libc_a-atexit.o)
 .text          0x00000000        0x0 /home/user1/devel/radio/tools/xpack-arm-none-eabi-gcc-12.3.1-1.2/bin/../lib/gcc/arm-none-eabi/12.3.1/../../../../arm-none-eabi/lib/thumb/v6-m/nofp/libg_nano.a(libc_a-exit.o)
 .data          0x00000000        0x0 /home/user1/devel/radio/tools/xpack-arm-none-eabi-gcc-12.3.1-1.2/bin/../lib/gcc/arm-none-eabi/12.3.1/../../../../arm-none-eabi/lib/thumb/v6-m/nofp/libg_nano.a(libc_a-exit.o)
 .bss           0x00000000        0x0 /home/user1/devel/radio/tools/xpack-arm-none-eabi-gcc-12.3.1-1.2/bin/../lib/gcc/arm-none-eabi/12.3.1/../../../../arm-none-eabi/lib/thumb/v6-m/nofp/libg_nano.a(libc_a-exit.o)
 .text.exit     0x00000000       0x28 /home/user1/devel/radio/tools/xpack-arm-none-eabi-gcc-12.3.1-1.2/bin/../lib/gcc/arm-none-eabi/12.3.1/../../../../arm-none-eabi/lib/thumb/v6-m/nofp/libg_nano.a(libc_a-exit.o)
 .comment       0x00000000       0x3a /home/user1/devel/radio/tools/xpack-arm-none-eabi-gcc-12.3.1-1.2/bin/../lib/gcc/arm-none-eabi/12.3.1/../../../../arm-none-eabi/lib/thumb/v6-m/nofp/libg_nano.a(libc_a-exit.o)
 .ARM.attributes
                0x00000000       0x2c /home/user1/devel/radio/tools/xpack-arm-none-eabi-gcc-12.3.1-1.2/bin/../lib/gcc/arm-none-eabi/12.3.1/../../../../arm-none-eabi/lib/thumb/v6-m/nofp/libg_nano.a(libc_a-exit.o)
 .text          0x00000000        0x0 /home/user1/devel/radio/tools/xpack-arm-none-eabi-gcc-12.3.1-1.2/bin/../lib/gcc/arm-none-eabi/12.3.1/../../../../arm-none-eabi/lib/thumb/v6-m/nofp/libg_nano.a(libc_a-findfp.o)
 .data          0x00000000        0x0 /home/user1/devel/radio/tools/xpack-arm-none-eabi-gcc-12.3.1-1.2/bin/../lib/gcc/arm-none-eabi/12.3.1/../../../../arm-none-eabi/lib/thumb/v6-m/nofp/libg_nano.a(libc_a-findfp.o)
 .bss           0x00000000        0x0 /home/user1/devel/radio/tools/xpack-arm-none-eabi-gcc-12.3.1-1.2/bin/../lib/gcc/arm-none-eabi/12.3.1/../../../../arm-none-eabi/lib/thumb/v6-m/nofp/libg_nano.a(libc_a-findfp.o)
 .text.std      0x00000000       0x6c /home/user1/devel/radio/tools/xpack-arm-none-eabi-gcc-12.3.1-1.2/bin/../lib/gcc/arm-none-eabi/12.3.1/../../../../arm-none-eabi/lib/thumb/v6-m/nofp/libg_nano.a(libc_a-findfp.o)
 .text.stdio_exit_handler
                0x00000000       0x1c /home/user1/devel/radio/tools/xpack-arm-none-eabi-gcc-12.3.1-1.2/bin/../lib/gcc/arm-none-eabi/12.3.1/../../../../arm-none-eabi/lib/thumb/v6-m/nofp/libg_nano.a(libc_a-findfp.o)
 .text.cleanup_stdio
                0x00000000       0x3c /home/user1/devel/radio/tools/xpack-arm-none-eabi-gcc-12.3.1-1.2/bin/../lib/gcc/arm-none-eabi/12.3.1/../../../../arm-none-eabi/lib/thumb/v6-m/nofp/libg_nano.a(libc_a-findfp.o)
 .text.__fp_lock
                0x00000000       0x18 /home/user1/devel/radio/tools/xpack-arm-none-eabi-gcc-12.3.1-1.2/bin/../lib/gcc/arm-none-eabi/12.3.1/../../../../arm-none-eabi/lib/thumb/v6-m/nofp/libg_nano.a(libc_a-findfp.o)
 .text.__fp_unlock
                0x00000000       0x18 /home/user1/devel/radio/tools/xpack-arm-none-eabi-gcc-12.3.1-1.2/bin/../lib/gcc/arm-none-eabi/12.3.1/../../../../arm-none-eabi/lib/thumb/v6-m/nofp/libg_nano.a(libc_a-findfp.o)
 .text.global_stdio_init.part.0
                0x00000000       0x3c /home/user1/devel/radio/tools/xpack-arm-none-eabi-gcc-12.3.1-1.2/bin/../lib/gcc/arm-none-eabi/12.3.1/../../../../arm-none-eabi/lib/thumb/v6-m/nofp/libg_nano.a(libc_a-findfp.o)
 .text.__sfp_lock_acquire
                0x00000000       0x10 /home/user1/devel/radio/tools/xpack-arm-none-eabi-gcc-12.3.1-1.2/bin/../lib/gcc/arm-none-eabi/12.3.1/../../../../arm-none-eabi/lib/thumb/v6-m/nofp/libg_nano.a(libc_a-findfp.o)
 .text.__sfp_lock_release
                0x00000000       0x10 /home/user1/devel/radio/tools/xpack-arm-none-eabi-gcc-12.3.1-1.2/bin/../lib/gcc/arm-none-eabi/12.3.1/../../../../arm-none-eabi/lib/thumb/v6-m/nofp/libg_nano.a(libc_a-findfp.o)
 .text.__sfp    0x00000000       0xa8 /home/user1/devel/radio/tools/xpack-arm-none-eabi-gcc-12.3.1-1.2/bin/../lib/gcc/arm-none-eabi/12.3.1/../../../../arm-none-eabi/lib/thumb/v6-m/nofp/libg_nano.a(libc_a-findfp.o)
 .text.__sinit  0x00000000       0x30 /home/user1/devel/radio/tools/xpack-arm-none-eabi-gcc-12.3.1-1.2/bin/../lib/gcc/arm-none-eabi/12.3.1/../../../../arm-none-eabi/lib/thumb/v6-m/nofp/libg_nano.a(libc_a-findfp.o)
 .text.__fp_lock_all
                0x00000000       0x1c /home/user1/devel/radio/tools/xpack-arm-none-eabi-gcc-12.3.1-1.2/bin/../lib/gcc/arm-none-eabi/12.3.1/../../../../arm-none-eabi/lib/thumb/v6-m/nofp/libg_nano.a(libc_a-findfp.o)
 .text.__fp_unlock_all
                0x00000000       0x1c /home/user1/devel/radio/tools/xpack-arm-none-eabi-gcc-12.3.1-1.2/bin/../lib/gcc/arm-none-eabi/12.3.1/../../../../arm-none-eabi/lib/thumb/v6-m/nofp/libg_nano.a(libc_a-findfp.o)
 .data.__sglue  0x00000000        0xc /home/user1/devel/radio/tools/xpack-arm-none-eabi-gcc-12.3.1-1.2/bin/../lib/gcc/arm-none-eabi/12.3.1/../../../../arm-none-eabi/lib/thumb/v6-m/nofp/libg_nano.a(libc_a-findfp.o)
 .bss.__sf      0x00000000      0x138 /home/user1/devel/radio/tools/xpack-arm-none-eabi-gcc-12.3.1-1.2/bin/../lib/gcc/arm-none-eabi/12.3.1/../../../../arm-none-eabi/lib/thumb/v6-m/nofp/libg_nano.a(libc_a-findfp.o)
 .bss.__stdio_exit_handler
                0x00000000        0x4 /home/user1/devel/radio/tools/xpack-arm-none-eabi-gcc-12.3.1-1.2/bin/../lib/gcc/arm-none-eabi/12.3.1/../../../../arm-none-eabi/lib/thumb/v6-m/nofp/libg_nano.a(libc_a-findfp.o)
 .comment       0x00000000       0x3a /home/user1/devel/radio/tools/xpack-arm-none-eabi-gcc-12.3.1-1.2/bin/../lib/gcc/arm-none-eabi/12.3.1/../../../../arm-none-eabi/lib/thumb/v6-m/nofp/libg_nano.a(libc_a-findfp.o)
 .ARM.attributes
                0x00000000       0x2c /home/user1/devel/radio/tools/xpack-arm-none-eabi-gcc-12.3.1-1.2/bin/../lib/gcc/arm-none-eabi/12.3.1/../../../../arm-none-eabi/lib/thumb/v6-m/nofp/libg_nano.a(libc_a-findfp.o)
 .text          0x00000000        0x0 /home/user1/devel/radio/tools/xpack-arm-none-eabi-gcc-12.3.1-1.2/bin/../lib/gcc/arm-none-eabi/12.3.1/../../../../arm-none-eabi/lib/thumb/v6-m/nofp/libg_nano.a(libc_a-fwalk.o)
 .data          0x00000000        0x0 /home/user1/devel/radio/tools/xpack-arm-none-eabi-gcc-12.3.1-1.2/bin/../lib/gcc/arm-none-eabi/12.3.1/../../../../arm-none-eabi/lib/thumb/v6-m/nofp/libg_nano.a(libc_a-fwalk.o)
 .bss           0x00000000        0x0 /home/user1/devel/radio/tools/xpack-arm-none-eabi-gcc-12.3.1-1.2/bin/../lib/gcc/arm-none-eabi/12.3.1/../../../../arm-none-eabi/lib/thumb/v6-m/nofp/libg_nano.a(libc_a-fwalk.o)
 .text._fwalk_sglue
                0x00000000       0x38 /home/user1/devel/radio/tools/xpack-arm-none-eabi-gcc-12.3.1-1.2/bin/../lib/gcc/arm-none-eabi/12.3.1/../../../../arm-none-eabi/lib/thumb/v6-m/nofp/libg_nano.a(libc_a-fwalk.o)
 .comment       0x00000000       0x3a /home/user1/devel/radio/tools/xpack-arm-none-eabi-gcc-12.3.1-1.2/bin/../lib/gcc/arm-none-eabi/12.3.1/../../../../arm-none-eabi/lib/thumb/v6-m/nofp/libg_nano.a(libc_a-fwalk.o)
 .ARM.attributes
                0x00000000       0x2c /home/user1/devel/radio/tools/xpack-arm-none-eabi-gcc-12.3.1-1.2/bin/../lib/gcc/arm-none-eabi/12.3.1/../../../../arm-none-eabi/lib/thumb/v6-m/nofp/libg_nano.a(libc_a-fwalk.o)
 .text          0x00000000        0x0 /home/user1/devel/radio/tools/xpack-arm-none-eabi-gcc-12.3.1-1.2/bin/../lib/gcc/arm-none-eabi/12.3.1/../../../../arm-none-eabi/lib/thumb/v6-m/nofp/libg_nano.a(libc_a-stdio.o)
 .data          0x00000000        0x0 /home/user1/devel/radio/tools/xpack-arm-none-eabi-gcc-12.3.1-1.2/bin/../lib/gcc/arm-none-eabi/12.3.1/../../../../arm-none-eabi/lib/thumb/v6-m/nofp/libg_nano.a(libc_a-stdio.o)
 .bss           0x00000000        0x0 /home/user1/devel/radio/tools/xpack-arm-none-eabi-gcc-12.3.1-1.2/bin/../lib/gcc/arm-none-eabi/12.3.1/../../../../arm-none-eabi/lib/thumb/v6-m/nofp/libg_nano.a(libc_a-stdio.o)
 .text.__sread  0x00000000       0x28 /home/user1/devel/radio/tools/xpack-arm-none-eabi-gcc-12.3.1-1.2/bin/../lib/gcc/arm-none-eabi/12.3.1/../../../../arm-none-eabi/lib/thumb/v6-m/nofp/libg_nano.a(libc_a-stdio.o)
 .text.__seofread
                0x00000000        0x4 /home/user1/devel/radio/tools/xpack-arm-none-eabi-gcc-12.3.1-1.2/bin/../lib/gcc/arm-none-eabi/12.3.1/../../../../arm-none-eabi/lib/thumb/v6-m/nofp/libg_nano.a(libc_a-stdio.o)
 .text.__swrite
                0x00000000       0x38 /home/user1/devel/radio/tools/xpack-arm-none-eabi-gcc-12.3.1-1.2/bin/../lib/gcc/arm-none-eabi/12.3.1/../../../../arm-none-eabi/lib/thumb/v6-m/nofp/libg_nano.a(libc_a-stdio.o)
 .text.__sseek  0x00000000       0x2c /home/user1/devel/radio/tools/xpack-arm-none-eabi-gcc-12.3.1-1.2/bin/../lib/gcc/arm-none-eabi/12.3.1/../../../../arm-none-eabi/lib/thumb/v6-m/nofp/libg_nano.a(libc_a-stdio.o)
 .text.__sclose
                0x00000000        0xc /home/user1/devel/radio/tools/xpack-arm-none-eabi-gcc-12.3.1-1.2/bin/../lib/gcc/arm-none-eabi/12.3.1/../../../../arm-none-eabi/lib/thumb/v6-m/nofp/libg_nano.a(libc_a-stdio.o)
 .comment       0x00000000       0x3a /home/user1/devel/radio/tools/xpack-arm-none-eabi-gcc-12.3.1-1.2/bin/../lib/gcc/arm-none-eabi/12.3.1/../../../../arm-none-eabi/lib/thumb/v6-m/nofp/libg_nano.a(libc_a-stdio.o)
 .ARM.attributes
                0x00000000       0x2c /home/user1/devel/radio/tools/xpack-arm-none-eabi-gcc-12.3.1-1.2/bin/../lib/gcc/arm-none-eabi/12.3.1/../../../../arm-none-eabi/lib/thumb/v6-m/nofp/libg_nano.a(libc_a-stdio.o)
 .text          0x00000000        0x0 /home/user1/devel/radio/tools/xpack-arm-none-eabi-gcc-12.3.1-1.2/bin/../lib/gcc/arm-none-eabi/12.3.1/../../../../arm-none-eabi/lib/thumb/v6-m/nofp/libg_nano.a(libc_a-memset.o)
 .data          0x00000000        0x0 /home/user1/devel/radio/tools/xpack-arm-none-eabi-gcc-12.3.1-1.2/bin/../lib/gcc/arm-none-eabi/12.3.1/../../../../arm-none-eabi/lib/thumb/v6-m/nofp/libg_nano.a(libc_a-memset.o)
 .bss           0x00000000        0x0 /home/user1/devel/radio/tools/xpack-arm-none-eabi-gcc-12.3.1-1.2/bin/../lib/gcc/arm-none-eabi/12.3.1/../../../../arm-none-eabi/lib/thumb/v6-m/nofp/libg_nano.a(libc_a-memset.o)
 .text.memset   0x00000000       0x10 /home/user1/devel/radio/tools/xpack-arm-none-eabi-gcc-12.3.1-1.2/bin/../lib/gcc/arm-none-eabi/12.3.1/../../../../arm-none-eabi/lib/thumb/v6-m/nofp/libg_nano.a(libc_a-memset.o)
 .comment       0x00000000       0x3a /home/user1/devel/radio/tools/xpack-arm-none-eabi-gcc-12.3.1-1.2/bin/../lib/gcc/arm-none-eabi/12.3.1/../../../../arm-none-eabi/lib/thumb/v6-m/nofp/libg_nano.a(libc_a-memset.o)
 .ARM.attributes
                0x00000000       0x2c /home/user1/devel/radio/tools/xpack-arm-none-eabi-gcc-12.3.1-1.2/bin/../lib/gcc/arm-none-eabi/12.3.1/../../../../arm-none-eabi/lib/thumb/v6-m/nofp/libg_nano.a(libc_a-memset.o)
 .text          0x00000000        0x0 /home/user1/devel/radio/tools/xpack-arm-none-eabi-gcc-12.3.1-1.2/bin/../lib/gcc/arm-none-eabi/12.3.1/../../../../arm-none-eabi/lib/thumb/v6-m/nofp/libg_nano.a(libc_a-closer.o)
 .data          0x00000000        0x0 /home/user1/devel/radio/tools/xpack-arm-none-eabi-gcc-12.3.1-1.2/bin/../lib/gcc/arm-none-eabi/12.3.1/../../../../arm-none-eabi/lib/thumb/v6-m/nofp/libg_nano.a(libc_a-closer.o)
 .bss           0x00000000        0x0 /home/user1/devel/radio/tools/xpack-arm-none-eabi-gcc-12.3.1-1.2/bin/../lib/gcc/arm-none-eabi/12.3.1/../../../../arm-none-eabi/lib/thumb/v6-m/nofp/libg_nano.a(libc_a-closer.o)
 .text._close_r
                0x00000000       0x24 /home/user1/devel/radio/tools/xpack-arm-none-eabi-gcc-12.3.1-1.2/bin/../lib/gcc/arm-none-eabi/12.3.1/../../../../arm-none-eabi/lib/thumb/v6-m/nofp/libg_nano.a(libc_a-closer.o)
 .comment       0x00000000       0x3a /home/user1/devel/radio/tools/xpack-arm-none-eabi-gcc-12.3.1-1.2/bin/../lib/gcc/arm-none-eabi/12.3.1/../../../../arm-none-eabi/lib/thumb/v6-m/nofp/libg_nano.a(libc_a-closer.o)
 .ARM.attributes
                0x00000000       0x2c /home/user1/devel/radio/tools/xpack-arm-none-eabi-gcc-12.3.1-1.2/bin/../lib/gcc/arm-none-eabi/12.3.1/../../../../arm-none-eabi/lib/thumb/v6-m/nofp/libg_nano.a(libc_a-closer.o)
 .text          0x00000000        0x0 /home/user1/devel/radio/tools/xpack-arm-none-eabi-gcc-12.3.1-1.2/bin/../lib/gcc/arm-none-eabi/12.3.1/../../../../arm-none-eabi/lib/thumb/v6-m/nofp/libg_nano.a(libc_a-reent.o)
 .data          0x00000000        0x0 /home/user1/devel/radio/tools/xpack-arm-none-eabi-gcc-12.3.1-1.2/bin/../lib/gcc/arm-none-eabi/12.3.1/../../../../arm-none-eabi/lib/thumb/v6-m/nofp/libg_nano.a(libc_a-reent.o)
 .bss           0x00000000        0x0 /home/user1/devel/radio/tools/xpack-arm-none-eabi-gcc-12.3.1-1.2/bin/../lib/gcc/arm-none-eabi/12.3.1/../../../../arm-none-eabi/lib/thumb/v6-m/nofp/libg_nano.a(libc_a-reent.o)
 .text._reclaim_reent
                0x00000000       0xc0 /home/user1/devel/radio/tools/xpack-arm-none-eabi-gcc-12.3.1-1.2/bin/../lib/gcc/arm-none-eabi/12.3.1/../../../../arm-none-eabi/lib/thumb/v6-m/nofp/libg_nano.a(libc_a-reent.o)
 .bss.errno     0x00000000        0x4 /home/user1/devel/radio/tools/xpack-arm-none-eabi-gcc-12.3.1-1.2/bin/../lib/gcc/arm-none-eabi/12.3.1/../../../../arm-none-eabi/lib/thumb/v6-m/nofp/libg_nano.a(libc_a-reent.o)
 .comment       0x00000000       0x3a /home/user1/devel/radio/tools/xpack-arm-none-eabi-gcc-12.3.1-1.2/bin/../lib/gcc/arm-none-eabi/12.3.1/../../../../arm-none-eabi/lib/thumb/v6-m/nofp/libg_nano.a(libc_a-reent.o)
 .ARM.attributes
                0x00000000       0x2c /home/user1/devel/radio/tools/xpack-arm-none-eabi-gcc-12.3.1-1.2/bin/../lib/gcc/arm-none-eabi/12.3.1/../../../../arm-none-eabi/lib/thumb/v6-m/nofp/libg_nano.a(libc_a-reent.o)
 .text          0x00000000        0x0 /home/user1/devel/radio/tools/xpack-arm-none-eabi-gcc-12.3.1-1.2/bin/../lib/gcc/arm-none-eabi/12.3.1/../../../../arm-none-eabi/lib/thumb/v6-m/nofp/libg_nano.a(libc_a-impure.o)
 .data          0x00000000        0x0 /home/user1/devel/radio/tools/xpack-arm-none-eabi-gcc-12.3.1-1.2/bin/../lib/gcc/arm-none-eabi/12.3.1/../../../../arm-none-eabi/lib/thumb/v6-m/nofp/libg_nano.a(libc_a-impure.o)
 .bss           0x00000000        0x0 /home/user1/devel/radio/tools/xpack-arm-none-eabi-gcc-12.3.1-1.2/bin/../lib/gcc/arm-none-eabi/12.3.1/../../../../arm-none-eabi/lib/thumb/v6-m/nofp/libg_nano.a(libc_a-impure.o)
 .data._impure_ptr
                0x00000000        0x4 /home/user1/devel/radio/tools/xpack-arm-none-eabi-gcc-12.3.1-1.2/bin/../lib/gcc/arm-none-eabi/12.3.1/../../../../arm-none-eabi/lib/thumb/v6-m/nofp/libg_nano.a(libc_a-impure.o)
 .data._impure_data
                0x00000000       0x4c /home/user1/devel/radio/tools/xpack-arm-none-eabi-gcc-12.3.1-1.2/bin/../lib/gcc/arm-none-eabi/12.3.1/../../../../arm-none-eabi/lib/thumb/v6-m/nofp/libg_nano.a(libc_a-impure.o)
 .comment       0x00000000       0x3a /home/user1/devel/radio/tools/xpack-arm-none-eabi-gcc-12.3.1-1.2/bin/../lib/gcc/arm-none-eabi/12.3.1/../../../../arm-none-eabi/lib/thumb/v6-m/nofp/libg_nano.a(libc_a-impure.o)
 .ARM.attributes
                0x00000000       0x2c /home/user1/devel/radio/tools/xpack-arm-none-eabi-gcc-12.3.1-1.2/bin/../lib/gcc/arm-none-eabi/12.3.1/../../../../arm-none-eabi/lib/thumb/v6-m/nofp/libg_nano.a(libc_a-impure.o)
 .text          0x00000000        0x0 /home/user1/devel/radio/tools/xpack-arm-none-eabi-gcc-12.3.1-1.2/bin/../lib/gcc/arm-none-eabi/12.3.1/../../../../arm-none-eabi/lib/thumb/v6-m/nofp/libg_nano.a(libc_a-lseekr.o)
 .data          0x00000000        0x0 /home/user1/devel/radio/tools/xpack-arm-none-eabi-gcc-12.3.1-1.2/bin/../lib/gcc/arm-none-eabi/12.3.1/../../../../arm-none-eabi/lib/thumb/v6-m/nofp/libg_nano.a(libc_a-lseekr.o)
 .bss           0x00000000        0x0 /home/user1/devel/radio/tools/xpack-arm-none-eabi-gcc-12.3.1-1.2/bin/../lib/gcc/arm-none-eabi/12.3.1/../../../../arm-none-eabi/lib/thumb/v6-m/nofp/libg_nano.a(libc_a-lseekr.o)
 .text._lseek_r
                0x00000000       0x28 /home/user1/devel/radio/tools/xpack-arm-none-eabi-gcc-12.3.1-1.2/bin/../lib/gcc/arm-none-eabi/12.3.1/../../../../arm-none-eabi/lib/thumb/v6-m/nofp/libg_nano.a(libc_a-lseekr.o)
 .comment       0x00000000       0x3a /home/user1/devel/radio/tools/xpack-arm-none-eabi-gcc-12.3.1-1.2/bin/../lib/gcc/arm-none-eabi/12.3.1/../../../../arm-none-eabi/lib/thumb/v6-m/nofp/libg_nano.a(libc_a-lseekr.o)
 .ARM.attributes
                0x00000000       0x2c /home/user1/devel/radio/tools/xpack-arm-none-eabi-gcc-12.3.1-1.2/bin/../lib/gcc/arm-none-eabi/12.3.1/../../../../arm-none-eabi/lib/thumb/v6-m/nofp/libg_nano.a(libc_a-lseekr.o)
 .text          0x00000000        0x0 /home/user1/devel/radio/tools/xpack-arm-none-eabi-gcc-12.3.1-1.2/bin/../lib/gcc/arm-none-eabi/12.3.1/../../../../arm-none-eabi/lib/thumb/v6-m/nofp/libg_nano.a(libc_a-readr.o)
 .data          0x00000000        0x0 /home/user1/devel/radio/tools/xpack-arm-none-eabi-gcc-12.3.1-1.2/bin/../lib/gcc/arm-none-eabi/12.3.1/../../../../arm-none-eabi/lib/thumb/v6-m/nofp/libg_nano.a(libc_a-readr.o)
 .bss           0x00000000        0x0 /home/user1/devel/radio/tools/xpack-arm-none-eabi-gcc-12.3.1-1.2/bin/../lib/gcc/arm-none-eabi/12.3.1/../../../../arm-none-eabi/lib/thumb/v6-m/nofp/libg_nano.a(libc_a-readr.o)
 .text._read_r  0x00000000       0x28 /home/user1/devel/radio/tools/xpack-arm-none-eabi-gcc-12.3.1-1.2/bin/../lib/gcc/arm-none-eabi/12.3.1/../../../../arm-none-eabi/lib/thumb/v6-m/nofp/libg_nano.a(libc_a-readr.o)
 .comment       0x00000000       0x3a /home/user1/devel/radio/tools/xpack-arm-none-eabi-gcc-12.3.1-1.2/bin/../lib/gcc/arm-none-eabi/12.3.1/../../../../arm-none-eabi/lib/thumb/v6-m/nofp/libg_nano.a(libc_a-readr.o)
 .ARM.attributes
                0x00000000       0x2c /home/user1/devel/radio/tools/xpack-arm-none-eabi-gcc-12.3.1-1.2/bin/../lib/gcc/arm-none-eabi/12.3.1/../../../../arm-none-eabi/lib/thumb/v6-m/nofp/libg_nano.a(libc_a-readr.o)
 .text          0x00000000        0x0 /home/user1/devel/radio/tools/xpack-arm-none-eabi-gcc-12.3.1-1.2/bin/../lib/gcc/arm-none-eabi/12.3.1/../../../../arm-none-eabi/lib/thumb/v6-m/nofp/libg_nano.a(libc_a-writer.o)
 .data          0x00000000        0x0 /home/user1/devel/radio/tools/xpack-arm-none-eabi-gcc-12.3.1-1.2/bin/../lib/gcc/arm-none-eabi/12.3.1/../../../../arm-none-eabi/lib/thumb/v6-m/nofp/libg_nano.a(libc_a-writer.o)
 .bss           0x00000000        0x0 /home/user1/devel/radio/tools/xpack-arm-none-eabi-gcc-12.3.1-1.2/bin/../lib/gcc/arm-none-eabi/12.3.1/../../../../arm-none-eabi/lib/thumb/v6-m/nofp/libg_nano.a(libc_a-writer.o)
 .text._write_r
                0x00000000       0x28 /home/user1/devel/radio/tools/xpack-arm-none-eabi-gcc-12.3.1-1.2/bin/../lib/gcc/arm-none-eabi/12.3.1/../../../../arm-none-eabi/lib/thumb/v6-m/nofp/libg_nano.a(libc_a-writer.o)
 .comment       0x00000000       0x3a /home/user1/devel/radio/tools/xpack-arm-none-eabi-gcc-12.3.1-1.2/bin/../lib/gcc/arm-none-eabi/12.3.1/../../../../arm-none-eabi/lib/thumb/v6-m/nofp/libg_nano.a(libc_a-writer.o)
 .ARM.attributes
                0x00000000       0x2c /home/user1/devel/radio/tools/xpack-arm-none-eabi-gcc-12.3.1-1.2/bin/../lib/gcc/arm-none-eabi/12.3.1/../../../../arm-none-eabi/lib/thumb/v6-m/nofp/libg_nano.a(libc_a-writer.o)
 .text          0x00000000        0x0 /home/user1/devel/radio/tools/xpack-arm-none-eabi-gcc-12.3.1-1.2/bin/../lib/gcc/arm-none-eabi/12.3.1/../../../../arm-none-eabi/lib/thumb/v6-m/nofp/libg_nano.a(libc_a-init.o)
 .data          0x00000000        0x0 /home/user1/devel/radio/tools/xpack-arm-none-eabi-gcc-12.3.1-1.2/bin/../lib/gcc/arm-none-eabi/12.3.1/../../../../arm-none-eabi/lib/thumb/v6-m/nofp/libg_nano.a(libc_a-init.o)
 .bss           0x00000000        0x0 /home/user1/devel/radio/tools/xpack-arm-none-eabi-gcc-12.3.1-1.2/bin/../lib/gcc/arm-none-eabi/12.3.1/../../../../arm-none-eabi/lib/thumb/v6-m/nofp/libg_nano.a(libc_a-init.o)
 .text          0x00000000        0x0 /home/user1/devel/radio/tools/xpack-arm-none-eabi-gcc-12.3.1-1.2/bin/../lib/gcc/arm-none-eabi/12.3.1/../../../../arm-none-eabi/lib/thumb/v6-m/nofp/libg_nano.a(libc_a-fini.o)
 .data          0x00000000        0x0 /home/user1/devel/radio/tools/xpack-arm-none-eabi-gcc-12.3.1-1.2/bin/../lib/gcc/arm-none-eabi/12.3.1/../../../../arm-none-eabi/lib/thumb/v6-m/nofp/libg_nano.a(libc_a-fini.o)
 .bss           0x00000000        0x0 /home/user1/devel/radio/tools/xpack-arm-none-eabi-gcc-12.3.1-1.2/bin/../lib/gcc/arm-none-eabi/12.3.1/../../../../arm-none-eabi/lib/thumb/v6-m/nofp/libg_nano.a(libc_a-fini.o)
 .text.__libc_fini_array
                0x00000000       0x28 /home/user1/devel/radio/tools/xpack-arm-none-eabi-gcc-12.3.1-1.2/bin/../lib/gcc/arm-none-eabi/12.3.1/../../../../arm-none-eabi/lib/thumb/v6-m/nofp/libg_nano.a(libc_a-fini.o)
 .comment       0x00000000       0x3a /home/user1/devel/radio/tools/xpack-arm-none-eabi-gcc-12.3.1-1.2/bin/../lib/gcc/arm-none-eabi/12.3.1/../../../../arm-none-eabi/lib/thumb/v6-m/nofp/libg_nano.a(libc_a-fini.o)
 .ARM.attributes
                0x00000000       0x2c /home/user1/devel/radio/tools/xpack-arm-none-eabi-gcc-12.3.1-1.2/bin/../lib/gcc/arm-none-eabi/12.3.1/../../../../arm-none-eabi/lib/thumb/v6-m/nofp/libg_nano.a(libc_a-fini.o)
 .text          0x00000000        0x0 /home/user1/devel/radio/tools/xpack-arm-none-eabi-gcc-12.3.1-1.2/bin/../lib/gcc/arm-none-eabi/12.3.1/../../../../arm-none-eabi/lib/thumb/v6-m/nofp/libg_nano.a(libc_a-lock.o)
 .data          0x00000000        0x0 /home/user1/devel/radio/tools/xpack-arm-none-eabi-gcc-12.3.1-1.2/bin/../lib/gcc/arm-none-eabi/12.3.1/../../../../arm-none-eabi/lib/thumb/v6-m/nofp/libg_nano.a(libc_a-lock.o)
 .bss           0x00000000        0x0 /home/user1/devel/radio/tools/xpack-arm-none-eabi-gcc-12.3.1-1.2/bin/../lib/gcc/arm-none-eabi/12.3.1/../../../../arm-none-eabi/lib/thumb/v6-m/nofp/libg_nano.a(libc_a-lock.o)
 .text.__retarget_lock_init
                0x00000000        0x2 /home/user1/devel/radio/tools/xpack-arm-none-eabi-gcc-12.3.1-1.2/bin/../lib/gcc/arm-none-eabi/12.3.1/../../../../arm-none-eabi/lib/thumb/v6-m/nofp/libg_nano.a(libc_a-lock.o)
 .text.__retarget_lock_init_recursive
                0x00000000        0x2 /home/user1/devel/radio/tools/xpack-arm-none-eabi-gcc-12.3.1-1.2/bin/../lib/gcc/arm-none-eabi/12.3.1/../../../../arm-none-eabi/lib/thumb/v6-m/nofp/libg_nano.a(libc_a-lock.o)
 .text.__retarget_lock_close
                0x00000000        0x2 /home/user1/devel/radio/tools/xpack-arm-none-eabi-gcc-12.3.1-1.2/bin/../lib/gcc/arm-none-eabi/12.3.1/../../../../arm-none-eabi/lib/thumb/v6-m/nofp/libg_nano.a(libc_a-lock.o)
 .text.__retarget_lock_close_recursive
                0x00000000        0x2 /home/user1/devel/radio/tools/xpack-arm-none-eabi-gcc-12.3.1-1.2/bin/../lib/gcc/arm-none-eabi/12.3.1/../../../../arm-none-eabi/lib/thumb/v6-m/nofp/libg_nano.a(libc_a-lock.o)
 .text.__retarget_lock_acquire
                0x00000000        0x2 /home/user1/devel/radio/tools/xpack-arm-none-eabi-gcc-12.3.1-1.2/bin/../lib/gcc/arm-none-eabi/12.3.1/../../../../arm-none-eabi/lib/thumb/v6-m/nofp/libg_nano.a(libc_a-lock.o)
 .text.__retarget_lock_acquire_recursive
                0x00000000        0x2 /home/user1/devel/radio/tools/xpack-arm-none-eabi-gcc-12.3.1-1.2/bin/../lib/gcc/arm-none-eabi/12.3.1/../../../../arm-none-eabi/lib/thumb/v6-m/nofp/libg_nano.a(libc_a-lock.o)
 .text.__retarget_lock_try_acquire
                0x00000000        0x4 /home/user1/devel/radio/tools/xpack-arm-none-eabi-gcc-12.3.1-1.2/bin/../lib/gcc/arm-none-eabi/12.3.1/../../../../arm-none-eabi/lib/thumb/v6-m/nofp/libg_nano.a(libc_a-lock.o)
 .text.__retarget_lock_try_acquire_recursive
                0x00000000        0x4 /home/user1/devel/radio/tools/xpack-arm-none-eabi-gcc-12.3.1-1.2/bin/../lib/gcc/arm-none-eabi/12.3.1/../../../../arm-none-eabi/lib/thumb/v6-m/nofp/libg_nano.a(libc_a-lock.o)
 .text.__retarget_lock_release
                0x00000000        0x2 /home/user1/devel/radio/tools/xpack-arm-none-eabi-gcc-12.3.1-1.2/bin/../lib/gcc/arm-none-eabi/12.3.1/../../../../arm-none-eabi/lib/thumb/v6-m/nofp/libg_nano.a(libc_a-lock.o)
 .text.__retarget_lock_release_recursive
                0x00000000        0x2 /home/user1/devel/radio/tools/xpack-arm-none-eabi-gcc-12.3.1-1.2/bin/../lib/gcc/arm-none-eabi/12.3.1/../../../../arm-none-eabi/lib/thumb/v6-m/nofp/libg_nano.a(libc_a-lock.o)
 .bss.__lock___arc4random_mutex
                0x00000000        0x1 /home/user1/devel/radio/tools/xpack-arm-none-eabi-gcc-12.3.1-1.2/bin/../lib/gcc/arm-none-eabi/12.3.1/../../../../arm-none-eabi/lib/thumb/v6-m/nofp/libg_nano.a(libc_a-lock.o)
 .bss.__lock___dd_hash_mutex
                0x00000000        0x1 /home/user1/devel/radio/tools/xpack-arm-none-eabi-gcc-12.3.1-1.2/bin/../lib/gcc/arm-none-eabi/12.3.1/../../../../arm-none-eabi/lib/thumb/v6-m/nofp/libg_nano.a(libc_a-lock.o)
 .bss.__lock___tz_mutex
                0x00000000        0x1 /home/user1/devel/radio/tools/xpack-arm-none-eabi-gcc-12.3.1-1.2/bin/../lib/gcc/arm-none-eabi/12.3.1/../../../../arm-none-eabi/lib/thumb/v6-m/nofp/libg_nano.a(libc_a-lock.o)
 .bss.__lock___env_recursive_mutex
                0x00000000        0x1 /home/user1/devel/radio/tools/xpack-arm-none-eabi-gcc-12.3.1-1.2/bin/../lib/gcc/arm-none-eabi/12.3.1/../../../../arm-none-eabi/lib/thumb/v6-m/nofp/libg_nano.a(libc_a-lock.o)
 .bss.__lock___malloc_recursive_mutex
                0x00000000        0x1 /home/user1/devel/radio/tools/xpack-arm-none-eabi-gcc-12.3.1-1.2/bin/../lib/gcc/arm-none-eabi/12.3.1/../../../../arm-none-eabi/lib/thumb/v6-m/nofp/libg_nano.a(libc_a-lock.o)
 .bss.__lock___at_quick_exit_mutex
                0x00000000        0x1 /home/user1/devel/radio/tools/xpack-arm-none-eabi-gcc-12.3.1-1.2/bin/../lib/gcc/arm-none-eabi/12.3.1/../../../../arm-none-eabi/lib/thumb/v6-m/nofp/libg_nano.a(libc_a-lock.o)
 .bss.__lock___atexit_recursive_mutex
                0x00000000        0x1 /home/user1/devel/radio/tools/xpack-arm-none-eabi-gcc-12.3.1-1.2/bin/../lib/gcc/arm-none-eabi/12.3.1/../../../../arm-none-eabi/lib/thumb/v6-m/nofp/libg_nano.a(libc_a-lock.o)
 .bss.__lock___sfp_recursive_mutex
                0x00000000        0x1 /home/user1/devel/radio/tools/xpack-arm-none-eabi-gcc-12.3.1-1.2/bin/../lib/gcc/arm-none-eabi/12.3.1/../../../../arm-none-eabi/lib/thumb/v6-m/nofp/libg_nano.a(libc_a-lock.o)
 .comment       0x00000000       0x3a /home/user1/devel/radio/tools/xpack-arm-none-eabi-gcc-12.3.1-1.2/bin/../lib/gcc/arm-none-eabi/12.3.1/../../../../arm-none-eabi/lib/thumb/v6-m/nofp/libg_nano.a(libc_a-lock.o)
 .ARM.attributes
                0x00000000       0x2c /home/user1/devel/radio/tools/xpack-arm-none-eabi-gcc-12.3.1-1.2/bin/../lib/gcc/arm-none-eabi/12.3.1/../../../../arm-none-eabi/lib/thumb/v6-m/nofp/libg_nano.a(libc_a-lock.o)
 .text          0x00000000        0x0 /home/user1/devel/radio/tools/xpack-arm-none-eabi-gcc-12.3.1-1.2/bin/../lib/gcc/arm-none-eabi/12.3.1/../../../../arm-none-eabi/lib/thumb/v6-m/nofp/libg_nano.a(libc_a-__atexit.o)
 .data          0x00000000        0x0 /home/user1/devel/radio/tools/xpack-arm-none-eabi-gcc-12.3.1-1.2/bin/../lib/gcc/arm-none-eabi/12.3.1/../../../../arm-none-eabi/lib/thumb/v6-m/nofp/libg_nano.a(libc_a-__atexit.o)
 .bss           0x00000000        0x0 /home/user1/devel/radio/tools/xpack-arm-none-eabi-gcc-12.3.1-1.2/bin/../lib/gcc/arm-none-eabi/12.3.1/../../../../arm-none-eabi/lib/thumb/v6-m/nofp/libg_nano.a(libc_a-__atexit.o)
 .text.__register_exitproc
                0x00000000       0xc0 /home/user1/devel/radio/tools/xpack-arm-none-eabi-gcc-12.3.1-1.2/bin/../lib/gcc/arm-none-eabi/12.3.1/../../../../arm-none-eabi/lib/thumb/v6-m/nofp/libg_nano.a(libc_a-__atexit.o)
 .bss.__atexit0
                0x00000000       0x8c /home/user1/devel/radio/tools/xpack-arm-none-eabi-gcc-12.3.1-1.2/bin/../lib/gcc/arm-none-eabi/12.3.1/../../../../arm-none-eabi/lib/thumb/v6-m/nofp/libg_nano.a(libc_a-__atexit.o)
 .data.__atexit_dummy
                0x00000000        0x4 /home/user1/devel/radio/tools/xpack-arm-none-eabi-gcc-12.3.1-1.2/bin/../lib/gcc/arm-none-eabi/12.3.1/../../../../arm-none-eabi/lib/thumb/v6-m/nofp/libg_nano.a(libc_a-__atexit.o)
 .comment       0x00000000       0x3a /home/user1/devel/radio/tools/xpack-arm-none-eabi-gcc-12.3.1-1.2/bin/../lib/gcc/arm-none-eabi/12.3.1/../../../../arm-none-eabi/lib/thumb/v6-m/nofp/libg_nano.a(libc_a-__atexit.o)
 .ARM.attributes
                0x00000000       0x2c /home/user1/devel/radio/tools/xpack-arm-none-eabi-gcc-12.3.1-1.2/bin/../lib/gcc/arm-none-eabi/12.3.1/../../../../arm-none-eabi/lib/thumb/v6-m/nofp/libg_nano.a(libc_a-__atexit.o)
 .text          0x00000000        0x0 /home/user1/devel/radio/tools/xpack-arm-none-eabi-gcc-12.3.1-1.2/bin/../lib/gcc/arm-none-eabi/12.3.1/../../../../arm-none-eabi/lib/thumb/v6-m/nofp/libg_nano.a(libc_a-__call_atexit.o)
 .data          0x00000000        0x0 /home/user1/devel/radio/tools/xpack-arm-none-eabi-gcc-12.3.1-1.2/bin/../lib/gcc/arm-none-eabi/12.3.1/../../../../arm-none-eabi/lib/thumb/v6-m/nofp/libg_nano.a(libc_a-__call_atexit.o)
 .bss           0x00000000        0x0 /home/user1/devel/radio/tools/xpack-arm-none-eabi-gcc-12.3.1-1.2/bin/../lib/gcc/arm-none-eabi/12.3.1/../../../../arm-none-eabi/lib/thumb/v6-m/nofp/libg_nano.a(libc_a-__call_atexit.o)
 .text.__call_exitprocs
                0x00000000       0xbc /home/user1/devel/radio/tools/xpack-arm-none-eabi-gcc-12.3.1-1.2/bin/../lib/gcc/arm-none-eabi/12.3.1/../../../../arm-none-eabi/lib/thumb/v6-m/nofp/libg_nano.a(libc_a-__call_atexit.o)
 .bss.__atexit  0x00000000        0x4 /home/user1/devel/radio/tools/xpack-arm-none-eabi-gcc-12.3.1-1.2/bin/../lib/gcc/arm-none-eabi/12.3.1/../../../../arm-none-eabi/lib/thumb/v6-m/nofp/libg_nano.a(libc_a-__call_atexit.o)
 .data.__atexit_recursive_mutex
                0x00000000        0x4 /home/user1/devel/radio/tools/xpack-arm-none-eabi-gcc-12.3.1-1.2/bin/../lib/gcc/arm-none-eabi/12.3.1/../../../../arm-none-eabi/lib/thumb/v6-m/nofp/libg_nano.a(libc_a-__call_atexit.o)
 .comment       0x00000000       0x3a /home/user1/devel/radio/tools/xpack-arm-none-eabi-gcc-12.3.1-1.2/bin/../lib/gcc/arm-none-eabi/12.3.1/../../../../arm-none-eabi/lib/thumb/v6-m/nofp/libg_nano.a(libc_a-__call_atexit.o)
 .ARM.attributes
                0x00000000       0x2c /home/user1/devel/radio/tools/xpack-arm-none-eabi-gcc-12.3.1-1.2/bin/../lib/gcc/arm-none-eabi/12.3.1/../../../../arm-none-eabi/lib/thumb/v6-m/nofp/libg_nano.a(libc_a-__call_atexit.o)
 .text          0x00000000        0x0 /home/user1/devel/radio/tools/xpack-arm-none-eabi-gcc-12.3.1-1.2/bin/../lib/gcc/arm-none-eabi/12.3.1/../../../../arm-none-eabi/lib/thumb/v6-m/nofp/libg_nano.a(libc_a-freer.o)
 .data          0x00000000        0x0 /home/user1/devel/radio/tools/xpack-arm-none-eabi-gcc-12.3.1-1.2/bin/../lib/gcc/arm-none-eabi/12.3.1/../../../../arm-none-eabi/lib/thumb/v6-m/nofp/libg_nano.a(libc_a-freer.o)
 .bss           0x00000000        0x0 /home/user1/devel/radio/tools/xpack-arm-none-eabi-gcc-12.3.1-1.2/bin/../lib/gcc/arm-none-eabi/12.3.1/../../../../arm-none-eabi/lib/thumb/v6-m/nofp/libg_nano.a(libc_a-freer.o)
 .text._free_r  0x00000000       0x94 /home/user1/devel/radio/tools/xpack-arm-none-eabi-gcc-12.3.1-1.2/bin/../lib/gcc/arm-none-eabi/12.3.1/../../../../arm-none-eabi/lib/thumb/v6-m/nofp/libg_nano.a(libc_a-freer.o)
 .comment       0x00000000       0x3a /home/user1/devel/radio/tools/xpack-arm-none-eabi-gcc-12.3.1-1.2/bin/../lib/gcc/arm-none-eabi/12.3.1/../../../../arm-none-eabi/lib/thumb/v6-m/nofp/libg_nano.a(libc_a-freer.o)
 .ARM.attributes
                0x00000000       0x2c /home/user1/devel/radio/tools/xpack-arm-none-eabi-gcc-12.3.1-1.2/bin/../lib/gcc/arm-none-eabi/12.3.1/../../../../arm-none-eabi/lib/thumb/v6-m/nofp/libg_nano.a(libc_a-freer.o)
 .text          0x00000000        0x0 /home/user1/devel/radio/tools/xpack-arm-none-eabi-gcc-12.3.1-1.2/bin/../lib/gcc/arm-none-eabi/12.3.1/../../../../arm-none-eabi/lib/thumb/v6-m/nofp/libg_nano.a(libc_a-mallocr.o)
 .data          0x00000000        0x0 /home/user1/devel/radio/tools/xpack-arm-none-eabi-gcc-12.3.1-1.2/bin/../lib/gcc/arm-none-eabi/12.3.1/../../../../arm-none-eabi/lib/thumb/v6-m/nofp/libg_nano.a(libc_a-mallocr.o)
 .bss           0x00000000        0x0 /home/user1/devel/radio/tools/xpack-arm-none-eabi-gcc-12.3.1-1.2/bin/../lib/gcc/arm-none-eabi/12.3.1/../../../../arm-none-eabi/lib/thumb/v6-m/nofp/libg_nano.a(libc_a-mallocr.o)
 .text.sbrk_aligned
                0x00000000       0x44 /home/user1/devel/radio/tools/xpack-arm-none-eabi-gcc-12.3.1-1.2/bin/../lib/gcc/arm-none-eabi/12.3.1/../../../../arm-none-eabi/lib/thumb/v6-m/nofp/libg_nano.a(libc_a-mallocr.o)
 .text._malloc_r
                0x00000000      0x100 /home/user1/devel/radio/tools/xpack-arm-none-eabi-gcc-12.3.1-1.2/bin/../lib/gcc/arm-none-eabi/12.3.1/../../../../arm-none-eabi/lib/thumb/v6-m/nofp/libg_nano.a(libc_a-mallocr.o)
 .bss.__malloc_sbrk_start
                0x00000000        0x4 /home/user1/devel/radio/tools/xpack-arm-none-eabi-gcc-12.3.1-1.2/bin/../lib/gcc/arm-none-eabi/12.3.1/../../../../arm-none-eabi/lib/thumb/v6-m/nofp/libg_nano.a(libc_a-mallocr.o)
 .bss.__malloc_free_list
                0x00000000        0x4 /home/user1/devel/radio/tools/xpack-arm-none-eabi-gcc-12.3.1-1.2/bin/../lib/gcc/arm-none-eabi/12.3.1/../../../../arm-none-eabi/lib/thumb/v6-m/nofp/libg_nano.a(libc_a-mallocr.o)
 .comment       0x00000000       0x3a /home/user1/devel/radio/tools/xpack-arm-none-eabi-gcc-12.3.1-1.2/bin/../lib/gcc/arm-none-eabi/12.3.1/../../../../arm-none-eabi/lib/thumb/v6-m/nofp/libg_nano.a(libc_a-mallocr.o)
 .ARM.attributes
                0x00000000       0x2c /home/user1/devel/radio/tools/xpack-arm-none-eabi-gcc-12.3.1-1.2/bin/../lib/gcc/arm-none-eabi/12.3.1/../../../../arm-none-eabi/lib/thumb/v6-m/nofp/libg_nano.a(libc_a-mallocr.o)
 .text          0x00000000        0x0 /home/user1/devel/radio/tools/xpack-arm-none-eabi-gcc-12.3.1-1.2/bin/../lib/gcc/arm-none-eabi/12.3.1/../../../../arm-none-eabi/lib/thumb/v6-m/nofp/libg_nano.a(libc_a-mlock.o)
 .data          0x00000000        0x0 /home/user1/devel/radio/tools/xpack-arm-none-eabi-gcc-12.3.1-1.2/bin/../lib/gcc/arm-none-eabi/12.3.1/../../../../arm-none-eabi/lib/thumb/v6-m/nofp/libg_nano.a(libc_a-mlock.o)
 .bss           0x00000000        0x0 /home/user1/devel/radio/tools/xpack-arm-none-eabi-gcc-12.3.1-1.2/bin/../lib/gcc/arm-none-eabi/12.3.1/../../../../arm-none-eabi/lib/thumb/v6-m/nofp/libg_nano.a(libc_a-mlock.o)
 .text.__malloc_lock
                0x00000000       0x10 /home/user1/devel/radio/tools/xpack-arm-none-eabi-gcc-12.3.1-1.2/bin/../lib/gcc/arm-none-eabi/12.3.1/../../../../arm-none-eabi/lib/thumb/v6-m/nofp/libg_nano.a(libc_a-mlock.o)
 .text.__malloc_unlock
                0x00000000       0x10 /home/user1/devel/radio/tools/xpack-arm-none-eabi-gcc-12.3.1-1.2/bin/../lib/gcc/arm-none-eabi/12.3.1/../../../../arm-none-eabi/lib/thumb/v6-m/nofp/libg_nano.a(libc_a-mlock.o)
 .comment       0x00000000       0x3a /home/user1/devel/radio/tools/xpack-arm-none-eabi-gcc-12.3.1-1.2/bin/../lib/gcc/arm-none-eabi/12.3.1/../../../../arm-none-eabi/lib/thumb/v6-m/nofp/libg_nano.a(libc_a-mlock.o)
 .ARM.attributes
                0x00000000       0x2c /home/user1/devel/radio/tools/xpack-arm-none-eabi-gcc-12.3.1-1.2/bin/../lib/gcc/arm-none-eabi/12.3.1/../../../../arm-none-eabi/lib/thumb/v6-m/nofp/libg_nano.a(libc_a-mlock.o)
 .text          0x00000000        0x0 /home/user1/devel/radio/tools/xpack-arm-none-eabi-gcc-12.3.1-1.2/bin/../lib/gcc/arm-none-eabi/12.3.1/../../../../arm-none-eabi/lib/thumb/v6-m/nofp/libg_nano.a(libc_a-fflush.o)
 .data          0x00000000        0x0 /home/user1/devel/radio/tools/xpack-arm-none-eabi-gcc-12.3.1-1.2/bin/../lib/gcc/arm-none-eabi/12.3.1/../../../../arm-none-eabi/lib/thumb/v6-m/nofp/libg_nano.a(libc_a-fflush.o)
 .bss           0x00000000        0x0 /home/user1/devel/radio/tools/xpack-arm-none-eabi-gcc-12.3.1-1.2/bin/../lib/gcc/arm-none-eabi/12.3.1/../../../../arm-none-eabi/lib/thumb/v6-m/nofp/libg_nano.a(libc_a-fflush.o)
 .text.__sflush_r
                0x00000000      0x11c /home/user1/devel/radio/tools/xpack-arm-none-eabi-gcc-12.3.1-1.2/bin/../lib/gcc/arm-none-eabi/12.3.1/../../../../arm-none-eabi/lib/thumb/v6-m/nofp/libg_nano.a(libc_a-fflush.o)
 .text._fflush_r
                0x00000000       0x56 /home/user1/devel/radio/tools/xpack-arm-none-eabi-gcc-12.3.1-1.2/bin/../lib/gcc/arm-none-eabi/12.3.1/../../../../arm-none-eabi/lib/thumb/v6-m/nofp/libg_nano.a(libc_a-fflush.o)
 .text.fflush   0x00000000       0x30 /home/user1/devel/radio/tools/xpack-arm-none-eabi-gcc-12.3.1-1.2/bin/../lib/gcc/arm-none-eabi/12.3.1/../../../../arm-none-eabi/lib/thumb/v6-m/nofp/libg_nano.a(libc_a-fflush.o)
 .comment       0x00000000       0x3a /home/user1/devel/radio/tools/xpack-arm-none-eabi-gcc-12.3.1-1.2/bin/../lib/gcc/arm-none-eabi/12.3.1/../../../../arm-none-eabi/lib/thumb/v6-m/nofp/libg_nano.a(libc_a-fflush.o)
 .ARM.attributes
                0x00000000       0x2c /home/user1/devel/radio/tools/xpack-arm-none-eabi-gcc-12.3.1-1.2/bin/../lib/gcc/arm-none-eabi/12.3.1/../../../../arm-none-eabi/lib/thumb/v6-m/nofp/libg_nano.a(libc_a-fflush.o)
 .text          0x00000000        0x0 /home/user1/devel/radio/tools/xpack-arm-none-eabi-gcc-12.3.1-1.2/bin/../lib/gcc/arm-none-eabi/12.3.1/../../../../arm-none-eabi/lib/thumb/v6-m/nofp/libg_nano.a(libc_a-sbrkr.o)
 .data          0x00000000        0x0 /home/user1/devel/radio/tools/xpack-arm-none-eabi-gcc-12.3.1-1.2/bin/../lib/gcc/arm-none-eabi/12.3.1/../../../../arm-none-eabi/lib/thumb/v6-m/nofp/libg_nano.a(libc_a-sbrkr.o)
 .bss           0x00000000        0x0 /home/user1/devel/radio/tools/xpack-arm-none-eabi-gcc-12.3.1-1.2/bin/../lib/gcc/arm-none-eabi/12.3.1/../../../../arm-none-eabi/lib/thumb/v6-m/nofp/libg_nano.a(libc_a-sbrkr.o)
 .text._sbrk_r  0x00000000       0x24 /home/user1/devel/radio/tools/xpack-arm-none-eabi-gcc-12.3.1-1.2/bin/../lib/gcc/arm-none-eabi/12.3.1/../../../../arm-none-eabi/lib/thumb/v6-m/nofp/libg_nano.a(libc_a-sbrkr.o)
 .comment       0x00000000       0x3a /home/user1/devel/radio/tools/xpack-arm-none-eabi-gcc-12.3.1-1.2/bin/../lib/gcc/arm-none-eabi/12.3.1/../../../../arm-none-eabi/lib/thumb/v6-m/nofp/libg_nano.a(libc_a-sbrkr.o)
 .ARM.attributes
                0x00000000       0x2c /home/user1/devel/radio/tools/xpack-arm-none-eabi-gcc-12.3.1-1.2/bin/../lib/gcc/arm-none-eabi/12.3.1/../../../../arm-none-eabi/lib/thumb/v6-m/nofp/libg_nano.a(libc_a-sbrkr.o)
 .text          0x00000000        0x0 /home/user1/devel/radio/tools/xpack-arm-none-eabi-gcc-12.3.1-1.2/bin/../lib/gcc/arm-none-eabi/12.3.1/thumb/v6-m/nofp/crtend.o
 .data          0x00000000        0x0 /home/user1/devel/radio/tools/xpack-arm-none-eabi-gcc-12.3.1-1.2/bin/../lib/gcc/arm-none-eabi/12.3.1/thumb/v6-m/nofp/crtend.o
 .bss           0x00000000        0x0 /home/user1/devel/radio/tools/xpack-arm-none-eabi-gcc-12.3.1-1.2/bin/../lib/gcc/arm-none-eabi/12.3.1/thumb/v6-m/nofp/crtend.o
 .rodata.all_implied_fbits
                0x00000000       0x24 /home/user1/devel/radio/tools/xpack-arm-none-eabi-gcc-12.3.1-1.2/bin/../lib/gcc/arm-none-eabi/12.3.1/thumb/v6-m/nofp/crtend.o
 .eh_frame      0x00000000        0x4 /home/user1/devel/radio/tools/xpack-arm-none-eabi-gcc-12.3.1-1.2/bin/../lib/gcc/arm-none-eabi/12.3.1/thumb/v6-m/nofp/crtend.o
 .comment       0x00000000       0x3a /home/user1/devel/radio/tools/xpack-arm-none-eabi-gcc-12.3.1-1.2/bin/../lib/gcc/arm-none-eabi/12.3.1/thumb/v6-m/nofp/crtend.o
 .ARM.attributes
                0x00000000       0x2c /home/user1/devel/radio/tools/xpack-arm-none-eabi-gcc-12.3.1-1.2/bin/../lib/gcc/arm-none-eabi/12.3.1/thumb/v6-m/nofp/crtend.o
 .text          0x00000000        0x0 /home/user1/devel/radio/tools/xpack-arm-none-eabi-gcc-12.3.1-1.2/bin/../lib/gcc/arm-none-eabi/12.3.1/thumb/v6-m/nofp/crtn.o
 .data          0x00000000        0x0 /home/user1/devel/radio/tools/xpack-arm-none-eabi-gcc-12.3.1-1.2/bin/../lib/gcc/arm-none-eabi/12.3.1/thumb/v6-m/nofp/crtn.o
 .bss           0x00000000        0x0 /home/user1/devel/radio/tools/xpack-arm-none-eabi-gcc-12.3.1-1.2/bin/../lib/gcc/arm-none-eabi/12.3.1/thumb/v6-m/nofp/crtn.o

Memory Configuration

Name             Origin             Length             Attributes
RAM              0x20000000         0x00004000         xrw
FLASH            0x08002800         0x0001d800         xr
*default*        0x00000000         0xffffffff

Linker script and memory map

LOAD /home/user1/devel/radio/tools/xpack-arm-none-eabi-gcc-12.3.1-1.2/bin/../lib/gcc/arm-none-eabi/12.3.1/thumb/v6-m/nofp/crti.o
LOAD /home/user1/devel/radio/tools/xpack-arm-none-eabi-gcc-12.3.1-1.2/bin/../lib/gcc/arm-none-eabi/12.3.1/thumb/v6-m/nofp/crtbegin.o
LOAD /home/user1/devel/radio/tools/xpack-arm-none-eabi-gcc-12.3.1-1.2/bin/../lib/gcc/arm-none-eabi/12.3.1/../../../../arm-none-eabi/lib/thumb/v6-m/nofp/crt0.o
LOAD CMakeFiles/firmware.dir/Core/Src/main.c.obj
LOAD CMakeFiles/firmware.dir/Core/Src/py32f071_it.c.obj
LOAD CMakeFiles/firmware.dir/Core/Src/system_py32f071.c.obj
LOAD CMakeFiles/firmware.dir/Core/startup_py32f071xx.s.obj
LOAD CMakeFiles/firmware.dir/Drivers/PY32F071_HAL_Driver/Src/py32f071_ll_rcc.c.obj
LOAD CMakeFiles/firmware.dir/Drivers/PY32F071_HAL_Driver/Src/py32f071_ll_pwr.c.obj
LOAD CMakeFiles/firmware.dir/Drivers/PY32F071_HAL_Driver/Src/py32f071_ll_dma.c.obj
LOAD CMakeFiles/firmware.dir/Drivers/PY32F071_HAL_Driver/Src/py32f071_ll_gpio.c.obj
LOAD CMakeFiles/firmware.dir/Drivers/PY32F071_HAL_Driver/Src/py32f071_ll_utils.c.obj
LOAD CMakeFiles/firmware.dir/Drivers/PY32F071_HAL_Driver/Src/py32f071_ll_adc.c.obj
LOAD CMakeFiles/firmware.dir/Drivers/PY32F071_HAL_Driver/Src/py32f071_ll_comp.c.obj
LOAD CMakeFiles/firmware.dir/Drivers/PY32F071_HAL_Driver/Src/py32f071_ll_crc.c.obj
LOAD CMakeFiles/firmware.dir/Drivers/PY32F071_HAL_Driver/Src/py32f071_ll_dac.c.obj
LOAD CMakeFiles/firmware.dir/Drivers/PY32F071_HAL_Driver/Src/py32f071_ll_exti.c.obj
LOAD CMakeFiles/firmware.dir/Drivers/PY32F071_HAL_Driver/Src/py32f071_ll_i2c.c.obj
LOAD CMakeFiles/firmware.dir/Drivers/PY32F071_HAL_Driver/Src/py32f071_ll_rtc.c.obj
LOAD CMakeFiles/firmware.dir/Drivers/PY32F071_HAL_Driver/Src/py32f071_ll_spi.c.obj
LOAD CMakeFiles/firmware.dir/Drivers/PY32F071_HAL_Driver/Src/py32f071_ll_tim.c.obj
LOAD CMakeFiles/firmware.dir/Drivers/PY32F071_HAL_Driver/Src/py32f071_ll_lptim.c.obj
LOAD CMakeFiles/firmware.dir/Drivers/PY32F071_HAL_Driver/Src/py32f071_ll_usart.c.obj
LOAD CMakeFiles/firmware.dir/external/printf/printf.c.obj
START GROUP
LOAD /home/user1/devel/radio/tools/xpack-arm-none-eabi-gcc-12.3.1-1.2/bin/../lib/gcc/arm-none-eabi/12.3.1/thumb/v6-m/nofp/libgcc.a
LOAD /home/user1/devel/radio/tools/xpack-arm-none-eabi-gcc-12.3.1-1.2/bin/../lib/gcc/arm-none-eabi/12.3.1/../../../../arm-none-eabi/lib/thumb/v6-m/nofp/libg_nano.a
LOAD /home/user1/devel/radio/tools/xpack-arm-none-eabi-gcc-12.3.1-1.2/bin/../lib/gcc/arm-none-eabi/12.3.1/../../../../arm-none-eabi/lib/thumb/v6-m/nofp/libc_nano.a
END GROUP
START GROUP
LOAD /home/user1/devel/radio/tools/xpack-arm-none-eabi-gcc-12.3.1-1.2/bin/../lib/gcc/arm-none-eabi/12.3.1/thumb/v6-m/nofp/libgcc.a
LOAD /home/user1/devel/radio/tools/xpack-arm-none-eabi-gcc-12.3.1-1.2/bin/../lib/gcc/arm-none-eabi/12.3.1/../../../../arm-none-eabi/lib/thumb/v6-m/nofp/libc_nano.a
END GROUP
LOAD /home/user1/devel/radio/tools/xpack-arm-none-eabi-gcc-12.3.1-1.2/bin/../lib/gcc/arm-none-eabi/12.3.1/thumb/v6-m/nofp/crtend.o
LOAD /home/user1/devel/radio/tools/xpack-arm-none-eabi-gcc-12.3.1-1.2/bin/../lib/gcc/arm-none-eabi/12.3.1/thumb/v6-m/nofp/crtn.o
                0x20004000                        _estack = (ORIGIN (RAM) + LENGTH (RAM))
                0x00000200                        _Min_Heap_Size = 0x200
                0x00000400                        _Min_Stack_Size = 0x400

.isr_vector     0x08002800       0xc0
                0x08002800                        . = ALIGN (0x4)
 *(.isr_vector)
 .isr_vector    0x08002800       0xc0 CMakeFiles/firmware.dir/Core/startup_py32f071xx.s.obj
                0x08002800                g_pfnVectors
                0x080028c0                        . = ALIGN (0x4)

.text           0x080028c0      0x188
                0x080028c0                        . = ALIGN (0x4)
 *(.text)
 *(.text*)
 .text.__do_global_dtors_aux
                0x080028c0       0x28 /home/user1/devel/radio/tools/xpack-arm-none-eabi-gcc-12.3.1-1.2/bin/../lib/gcc/arm-none-eabi/12.3.1/thumb/v6-m/nofp/crtbegin.o
 .text.frame_dummy
                0x080028e8       0x20 /home/user1/devel/radio/tools/xpack-arm-none-eabi-gcc-12.3.1-1.2/bin/../lib/gcc/arm-none-eabi/12.3.1/thumb/v6-m/nofp/crtbegin.o
 .text.startup.main
                0x08002908       0x3c CMakeFiles/firmware.dir/Core/Src/main.c.obj
                0x08002908                main
 .text.NMI_Handler
                0x08002944        0x2 CMakeFiles/firmware.dir/Core/Src/py32f071_it.c.obj
                0x08002944                NMI_Handler
 .text.HardFault_Handler
                0x08002946        0x2 CMakeFiles/firmware.dir/Core/Src/py32f071_it.c.obj
                0x08002946                HardFault_Handler
 .text.SVC_Handler
                0x08002948        0x2 CMakeFiles/firmware.dir/Core/Src/py32f071_it.c.obj
                0x08002948                SVC_Handler
 .text.PendSV_Handler
                0x0800294a        0x2 CMakeFiles/firmware.dir/Core/Src/py32f071_it.c.obj
                0x0800294a                PendSV_Handler
 .text.SystemInit
                0x0800294c       0x3c CMakeFiles/firmware.dir/Core/Src/system_py32f071.c.obj
                0x0800294c                SystemInit
 .text.Reset_Handler
                0x08002988       0x50 CMakeFiles/firmware.dir/Core/startup_py32f071xx.s.obj
                0x08002988                Reset_Handler
 .text.Default_Handler
                0x080029d8        0x2 CMakeFiles/firmware.dir/Core/startup_py32f071xx.s.obj
                0x080029d8                TIM1_CC_IRQHandler
                0x080029d8                SysTick_Handler
                0x080029d8                PVD_IRQHandler
                0x080029d8                I2C1_IRQHandler
                0x080029d8                SPI1_IRQHandler
                0x080029d8                EXTI2_3_IRQHandler
                0x080029d8                I2C2_IRQHandler
                0x080029d8                TIM17_IRQHandler
                0x080029d8                USART3_IRQHandler
                0x080029d8                RTC_IRQHandler
                0x080029d8                LCD_IRQHandler
                0x080029d8                DMA1_Channel4_5_6_7_IRQHandler
                0x080029d8                TIM16_IRQHandler
                0x080029d8                TIM3_IRQHandler
                0x080029d8                EXTI4_15_IRQHandler
                0x080029d8                RCC_IRQHandler
                0x080029d8                DMA1_Channel1_IRQHandler
                0x080029d8                Default_Handler
                0x080029d8                TIM14_IRQHandler
                0x080029d8                TIM7_IRQHandler
                0x080029d8                TIM15_IRQHandler
                0x080029d8                EXTI0_1_IRQHandler
                0x080029d8                USB_IRQHandler
                0x080029d8                SPI2_IRQHandler
                0x080029d8                WWDG_IRQHandler
                0x080029d8                TIM2_IRQHandler
                0x080029d8                DMA1_Channel2_3_IRQHandler
                0x080029d8                ADC_COMP_IRQHandler
                0x080029d8                USART2_IRQHandler
                0x080029d8                TIM6_LPTIM1_DAC_IRQHandler
                0x080029d8                FLASH_IRQHandler
                0x080029d8                USART1_IRQHandler
                0x080029d8                TIM1_BRK_UP_TRG_COM_IRQHandler
 *fill*         0x080029da        0x2 
 .text.LL_SetSystemCoreClock
                0x080029dc        0xc CMakeFiles/firmware.dir/Drivers/PY32F071_HAL_Driver/Src/py32f071_ll_utils.c.obj
                0x080029dc                LL_SetSystemCoreClock
 .text.__libc_init_array
                0x080029e8       0x48 /home/user1/devel/radio/tools/xpack-arm-none-eabi-gcc-12.3.1-1.2/bin/../lib/gcc/arm-none-eabi/12.3.1/../../../../arm-none-eabi/lib/thumb/v6-m/nofp/libg_nano.a(libc_a-init.o)
                0x080029e8                __libc_init_array
 *(.glue_7)
 .glue_7        0x08002a30        0x0 linker stubs
 *(.glue_7t)
 .glue_7t       0x08002a30        0x0 linker stubs
 *(.eh_frame)
 .eh_frame      0x08002a30        0x0 /home/user1/devel/radio/tools/xpack-arm-none-eabi-gcc-12.3.1-1.2/bin/../lib/gcc/arm-none-eabi/12.3.1/thumb/v6-m/nofp/crtbegin.o
 *(.init)
 .init          0x08002a30        0x4 /home/user1/devel/radio/tools/xpack-arm-none-eabi-gcc-12.3.1-1.2/bin/../lib/gcc/arm-none-eabi/12.3.1/thumb/v6-m/nofp/crti.o
                0x08002a30                _init
 .init          0x08002a34        0x8 /home/user1/devel/radio/tools/xpack-arm-none-eabi-gcc-12.3.1-1.2/bin/../lib/gcc/arm-none-eabi/12.3.1/thumb/v6-m/nofp/crtn.o
 *(.fini)
 .fini          0x08002a3c        0x4 /home/user1/devel/radio/tools/xpack-arm-none-eabi-gcc-12.3.1-1.2/bin/../lib/gcc/arm-none-eabi/12.3.1/thumb/v6-m/nofp/crti.o
                0x08002a3c                _fini
 .fini          0x08002a40        0x8 /home/user1/devel/radio/tools/xpack-arm-none-eabi-gcc-12.3.1-1.2/bin/../lib/gcc/arm-none-eabi/12.3.1/thumb/v6-m/nofp/crtn.o
                0x08002a48                        . = ALIGN (0x4)
                0x08002a48                        _etext = .

.vfp11_veneer   0x08002a48        0x0
 .vfp11_veneer  0x08002a48        0x0 linker stubs

.v4_bx          0x08002a48        0x0
 .v4_bx         0x08002a48        0x0 linker stubs

.iplt           0x08002a48        0x0
 .iplt          0x08002a48        0x0 /home/user1/devel/radio/tools/xpack-arm-none-eabi-gcc-12.3.1-1.2/bin/../lib/gcc/arm-none-eabi/12.3.1/thumb/v6-m/nofp/crtbegin.o

.rel.dyn        0x08002a48        0x0
 .rel.iplt      0x08002a48        0x0 /home/user1/devel/radio/tools/xpack-arm-none-eabi-gcc-12.3.1-1.2/bin/../lib/gcc/arm-none-eabi/12.3.1/thumb/v6-m/nofp/crtbegin.o

.rodata         0x08002a48        0x0
                0x08002a48                        . = ALIGN (0x4)
 *(.rodata)
 *(.rodata*)
                0x08002a48                        . = ALIGN (0x4)

.ARM.extab
 *(.ARM.extab* .gnu.linkonce.armextab.*)

.ARM            0x08002a48        0x0
                0x08002a48                        __exidx_start = .
 *(.ARM.exidx*)
                0x08002a48                        __exidx_end = .

.preinit_array  0x08002a48        0x0
                0x08002a48                        PROVIDE (__preinit_array_start = .)
 *(.preinit_array*)
                0x08002a48                        PROVIDE (__preinit_array_end = .)

.init_array     0x08002a48        0x4
                0x08002a48                        PROVIDE (__init_array_start = .)
 *(SORT_BY_NAME(.init_array.*))
 *(.init_array*)
 .init_array    0x08002a48        0x4 /home/user1/devel/radio/tools/xpack-arm-none-eabi-gcc-12.3.1-1.2/bin/../lib/gcc/arm-none-eabi/12.3.1/thumb/v6-m/nofp/crtbegin.o
                0x08002a4c                        PROVIDE (__init_array_end = .)

.fini_array     0x08002a4c        0x4
                0x08002a4c                        PROVIDE (__fini_array_start = .)
 *(SORT_BY_NAME(.fini_array.*))
 *(.fini_array*)
 .fini_array    0x08002a4c        0x4 /home/user1/devel/radio/tools/xpack-arm-none-eabi-gcc-12.3.1-1.2/bin/../lib/gcc/arm-none-eabi/12.3.1/thumb/v6-m/nofp/crtbegin.o
                0x08002a50                        PROVIDE (__fini_array_end = .)
                0x08002a50                        _sidata = LOADADDR (.data)

.data           0x20000000        0x4 load address 0x08002a50
                0x20000000                        . = ALIGN (0x4)
                0x20000000                        _sdata = .
 *(.data)
 *(.data*)
 .data.SystemCoreClock
                0x20000000        0x4 CMakeFiles/firmware.dir/Core/Src/system_py32f071.c.obj
                0x20000000                SystemCoreClock
                0x20000004                        . = ALIGN (0x4)
                0x20000004                        _edata = .

.igot.plt       0x20000004        0x0 load address 0x08002a54
 .igot.plt      0x20000004        0x0 /home/user1/devel/radio/tools/xpack-arm-none-eabi-gcc-12.3.1-1.2/bin/../lib/gcc/arm-none-eabi/12.3.1/thumb/v6-m/nofp/crtbegin.o
                0x20000004                        . = ALIGN (0x4)

.bss            0x20000004       0x1c load address 0x08002a54
                0x20000004                        _sbss = .
                0x20000004                        __bss_start__ = _sbss
 *(.bss)
 *(.bss*)
 .bss.completed.1
                0x20000004        0x1 /home/user1/devel/radio/tools/xpack-arm-none-eabi-gcc-12.3.1-1.2/bin/../lib/gcc/arm-none-eabi/12.3.1/thumb/v6-m/nofp/crtbegin.o
 *fill*         0x20000005        0x3 
 .bss.object.0  0x20000008       0x18 /home/user1/devel/radio/tools/xpack-arm-none-eabi-gcc-12.3.1-1.2/bin/../lib/gcc/arm-none-eabi/12.3.1/thumb/v6-m/nofp/crtbegin.o
 *(COMMON)
                0x20000020                        . = ALIGN (0x4)
                0x20000020                        _ebss = .
                0x20000020                        __bss_end__ = _ebss

._user_heap_stack
                0x20000020      0x600 load address 0x08002a54
                0x20000020                        . = ALIGN (0x8)
                [!provide]                        PROVIDE (end = .)
                [!provide]                        PROVIDE (_end = .)
                0x20000220                        . = (. + _Min_Heap_Size)
 *fill*         0x20000020      0x200 
                0x20000620                        . = (. + _Min_Stack_Size)
 *fill*         0x20000220      0x400 
                0x20000620                        . = ALIGN (0x8)

/DISCARD/
 libc.a(*)
 libm.a(*)
 libgcc.a(*)

.ARM.attributes
                0x00000000       0x28
 *(.ARM.attributes)
 .ARM.attributes
                0x00000000       0x1e /home/user1/devel/radio/tools/xpack-arm-none-eabi-gcc-12.3.1-1.2/bin/../lib/gcc/arm-none-eabi/12.3.1/thumb/v6-m/nofp/crti.o
 .ARM.attributes
                0x0000001e       0x2c /home/user1/devel/radio/tools/xpack-arm-none-eabi-gcc-12.3.1-1.2/bin/../lib/gcc/arm-none-eabi/12.3.1/thumb/v6-m/nofp/crtbegin.o
 .ARM.attributes
                0x0000004a       0x2c CMakeFiles/firmware.dir/Core/Src/main.c.obj
 .ARM.attributes
                0x00000076       0x2c CMakeFiles/firmware.dir/Core/Src/py32f071_it.c.obj
 .ARM.attributes
                0x000000a2       0x2c CMakeFiles/firmware.dir/Core/Src/system_py32f071.c.obj
 .ARM.attributes
                0x000000ce       0x22 CMakeFiles/firmware.dir/Core/startup_py32f071xx.s.obj
 .ARM.attributes
                0x000000f0       0x2c CMakeFiles/firmware.dir/Drivers/PY32F071_HAL_Driver/Src/py32f071_ll_utils.c.obj
 .ARM.attributes
                0x0000011c       0x2c /home/user1/devel/radio/tools/xpack-arm-none-eabi-gcc-12.3.1-1.2/bin/../lib/gcc/arm-none-eabi/12.3.1/../../../../arm-none-eabi/lib/thumb/v6-m/nofp/libg_nano.a(libc_a-init.o)
 .ARM.attributes
                0x00000148       0x1e /home/user1/devel/radio/tools/xpack-arm-none-eabi-gcc-12.3.1-1.2/bin/../lib/gcc/arm-none-eabi/12.3.1/thumb/v6-m/nofp/crtn.o
OUTPUT(firmware.elf elf32-littlearm)
LOAD linker stubs
LOAD /home/user1/devel/radio/tools/xpack-arm-none-eabi-gcc-12.3.1-1.2/bin/../lib/gcc/arm-none-eabi/12.3.1/../../../../arm-none-eabi/lib/thumb/v6-m/nofp/libc.a
LOAD /home/user1/devel/radio/tools/xpack-arm-none-eabi-gcc-12.3.1-1.2/bin/../lib/gcc/arm-none-eabi/12.3.1/../../../../arm-none-eabi/lib/thumb/v6-m/nofp/libm.a
LOAD /home/user1/devel/radio/tools/xpack-arm-none-eabi-gcc-12.3.1-1.2/bin/../lib/gcc/arm-none-eabi/12.3.1/thumb/v6-m/nofp/libgcc.a

.comment        0x00000000       0x39
 .comment       0x00000000       0x39 /home/user1/devel/radio/tools/xpack-arm-none-eabi-gcc-12.3.1-1.2/bin/../lib/gcc/arm-none-eabi/12.3.1/thumb/v6-m/nofp/crtbegin.o
                                 0x3a (size before relaxing)
 .comment       0x00000039       0x3a CMakeFiles/firmware.dir/Core/Src/main.c.obj
 .comment       0x00000039       0x3a CMakeFiles/firmware.dir/Core/Src/py32f071_it.c.obj
 .comment       0x00000039       0x3a CMakeFiles/firmware.dir/Core/Src/system_py32f071.c.obj
 .comment       0x00000039       0x3a CMakeFiles/firmware.dir/Drivers/PY32F071_HAL_Driver/Src/py32f071_ll_utils.c.obj
 .comment       0x00000039       0x3a /home/user1/devel/radio/tools/xpack-arm-none-eabi-gcc-12.3.1-1.2/bin/../lib/gcc/arm-none-eabi/12.3.1/../../../../arm-none-eabi/lib/thumb/v6-m/nofp/libg_nano.a(libc_a-init.o)
